Archive member included to satisfy reference by file (symbol)

/Applications/ArmGNUToolchain/15.2.rel1/arm-none-eabi/bin/../lib/gcc/arm-none-eabi/15.2.1/../../../../arm-none-eabi/lib/thumb/v7-m/nofp/libg_nano.a(libc_a-exit.o)
                              /Applications/ArmGNUToolchain/15.2.rel1/arm-none-eabi/bin/../lib/gcc/arm-none-eabi/15.2.1/../../../../arm-none-eabi/lib/thumb/v7-m/nofp/crt0.o (exit)
/Applications/ArmGNUToolchain/15.2.rel1/arm-none-eabi/bin/../lib/gcc/arm-none-eabi/15.2.1/../../../../arm-none-eabi/lib/thumb/v7-m/nofp/libg_nano.a(libc_a-findfp.o)
                              /Applications/ArmGNUToolchain/15.2.rel1/arm-none-eabi/bin/../lib/gcc/arm-none-eabi/15.2.1/../../../../arm-none-eabi/lib/thumb/v7-m/nofp/libg_nano.a(libc_a-exit.o) (__stdio_exit_handler)
/Applications/ArmGNUToolchain/15.2.rel1/arm-none-eabi/bin/../lib/gcc/arm-none-eabi/15.2.1/../../../../arm-none-eabi/lib/thumb/v7-m/nofp/libg_nano.a(libc_a-fwalk.o)
                              /Applications/ArmGNUToolchain/15.2.rel1/arm-none-eabi/bin/../lib/gcc/arm-none-eabi/15.2.1/../../../../arm-none-eabi/lib/thumb/v7-m/nofp/libg_nano.a(libc_a-findfp.o) (_fwalk_sglue)
/Applications/ArmGNUToolchain/15.2.rel1/arm-none-eabi/bin/../lib/gcc/arm-none-eabi/15.2.1/../../../../arm-none-eabi/lib/thumb/v7-m/nofp/libg_nano.a(libc_a-puts.o)
                              CMakeFiles/Bootloader_F103RB.dir/Core/Src/main.c.obj (puts)
/Applications/ArmGNUToolchain/15.2.rel1/arm-none-eabi/bin/../lib/gcc/arm-none-eabi/15.2.1/../../../../arm-none-eabi/lib/thumb/v7-m/nofp/libg_nano.a(libc_a-memset.o)
                              /Applications/ArmGNUToolchain/15.2.rel1/arm-none-eabi/bin/../lib/gcc/arm-none-eabi/15.2.1/../../../../arm-none-eabi/lib/thumb/v7-m/nofp/crt0.o (memset)
/Applications/ArmGNUToolchain/15.2.rel1/arm-none-eabi/bin/../lib/gcc/arm-none-eabi/15.2.1/../../../../arm-none-eabi/lib/thumb/v7-m/nofp/libg_nano.a(libc_a-errno.o)
                              CMakeFiles/Bootloader_F103RB.dir/Core/Src/sysmem.c.obj (__errno)
/Applications/ArmGNUToolchain/15.2.rel1/arm-none-eabi/bin/../lib/gcc/arm-none-eabi/15.2.1/../../../../arm-none-eabi/lib/thumb/v7-m/nofp/libg_nano.a(libc_a-init.o)
                              /Applications/ArmGNUToolchain/15.2.rel1/arm-none-eabi/bin/../lib/gcc/arm-none-eabi/15.2.1/../../../../arm-none-eabi/lib/thumb/v7-m/nofp/crt0.o (__libc_init_array)
/Applications/ArmGNUToolchain/15.2.rel1/arm-none-eabi/bin/../lib/gcc/arm-none-eabi/15.2.1/../../../../arm-none-eabi/lib/thumb/v7-m/nofp/libg_nano.a(libc_a-lock.o)
                              /Applications/ArmGNUToolchain/15.2.rel1/arm-none-eabi/bin/../lib/gcc/arm-none-eabi/15.2.1/../../../../arm-none-eabi/lib/thumb/v7-m/nofp/libg_nano.a(libc_a-findfp.o) (__retarget_lock_init_recursive)
/Applications/ArmGNUToolchain/15.2.rel1/arm-none-eabi/bin/../lib/gcc/arm-none-eabi/15.2.1/../../../../arm-none-eabi/lib/thumb/v7-m/nofp/libg_nano.a(libc_a-impure.o)
                              /Applications/ArmGNUToolchain/15.2.rel1/arm-none-eabi/bin/../lib/gcc/arm-none-eabi/15.2.1/../../../../arm-none-eabi/lib/thumb/v7-m/nofp/libg_nano.a(libc_a-puts.o) (_impure_ptr)
/Applications/ArmGNUToolchain/15.2.rel1/arm-none-eabi/bin/../lib/gcc/arm-none-eabi/15.2.1/../../../../arm-none-eabi/lib/thumb/v7-m/nofp/libg_nano.a(libc_a-mallocr.o)
                              /Applications/ArmGNUToolchain/15.2.rel1/arm-none-eabi/bin/../lib/gcc/arm-none-eabi/15.2.1/../../../../arm-none-eabi/lib/thumb/v7-m/nofp/libg_nano.a(libc_a-findfp.o) (_malloc_r)
/Applications/ArmGNUToolchain/15.2.rel1/arm-none-eabi/bin/../lib/gcc/arm-none-eabi/15.2.1/../../../../arm-none-eabi/lib/thumb/v7-m/nofp/libg_nano.a(libc_a-mlock.o)
                              /Applications/ArmGNUToolchain/15.2.rel1/arm-none-eabi/bin/../lib/gcc/arm-none-eabi/15.2.1/../../../../arm-none-eabi/lib/thumb/v7-m/nofp/libg_nano.a(libc_a-mallocr.o) (__malloc_lock)
/Applications/ArmGNUToolchain/15.2.rel1/arm-none-eabi/bin/../lib/gcc/arm-none-eabi/15.2.1/../../../../arm-none-eabi/lib/thumb/v7-m/nofp/libg_nano.a(libc_a-stdio.o)
                              /Applications/ArmGNUToolchain/15.2.rel1/arm-none-eabi/bin/../lib/gcc/arm-none-eabi/15.2.1/../../../../arm-none-eabi/lib/thumb/v7-m/nofp/libg_nano.a(libc_a-findfp.o) (__sread)
/Applications/ArmGNUToolchain/15.2.rel1/arm-none-eabi/bin/../lib/gcc/arm-none-eabi/15.2.1/../../../../arm-none-eabi/lib/thumb/v7-m/nofp/libg_nano.a(libc_a-fflush.o)
                              /Applications/ArmGNUToolchain/15.2.rel1/arm-none-eabi/bin/../lib/gcc/arm-none-eabi/15.2.1/../../../../arm-none-eabi/lib/thumb/v7-m/nofp/libg_nano.a(libc_a-findfp.o) (_fflush_r)
/Applications/ArmGNUToolchain/15.2.rel1/arm-none-eabi/bin/../lib/gcc/arm-none-eabi/15.2.1/../../../../arm-none-eabi/lib/thumb/v7-m/nofp/libg_nano.a(libc_a-wbuf.o)
                              /Applications/ArmGNUToolchain/15.2.rel1/arm-none-eabi/bin/../lib/gcc/arm-none-eabi/15.2.1/../../../../arm-none-eabi/lib/thumb/v7-m/nofp/libg_nano.a(libc_a-puts.o) (__swbuf_r)
[...]
Memory Configuration

Name             Origin             Length             Attributes
RAM              0x20000000         0x00005000         xrw
FLASH            0x08000000         0x00004000         xr
*default*        0x00000000         0xffffffff

Linker script and memory map

LOAD /Applications/ArmGNUToolchain/15.2.rel1/arm-none-eabi/bin/../lib/gcc/arm-none-eabi/15.2.1/thumb/v7-m/nofp/crti.o
LOAD /Applications/ArmGNUToolchain/15.2.rel1/arm-none-eabi/bin/../lib/gcc/arm-none-eabi/15.2.1/thumb/v7-m/nofp/crtbegin.o
LOAD /Applications/ArmGNUToolchain/15.2.rel1/arm-none-eabi/bin/../lib/gcc/arm-none-eabi/15.2.1/../../../../arm-none-eabi/lib/thumb/v7-m/nofp/crt0.o
LOAD cmake/stm32cubemx/CMakeFiles/STM32_Drivers.dir/__/__/Core/Src/system_stm32f1xx.c.obj
LOAD cmake/stm32cubemx/CMakeFiles/STM32_Drivers.dir/__/__/Drivers/STM32F1xx_HAL_Driver/Src/stm32f1xx_hal_gpio_ex.c.obj
LOAD cmake/stm32cubemx/CMakeFiles/STM32_Drivers.dir/__/__/Drivers/STM32F1xx_HAL_Driver/Src/stm32f1xx_hal_crc.c.obj
LOAD cmake/stm32cubemx/CMakeFiles/STM32_Drivers.dir/__/__/Drivers/STM32F1xx_HAL_Driver/Src/stm32f1xx_hal.c.obj
LOAD cmake/stm32cubemx/CMakeFiles/STM32_Drivers.dir/__/__/Drivers/STM32F1xx_HAL_Driver/Src/stm32f1xx_hal_rcc.c.obj
LOAD cmake/stm32cubemx/CMakeFiles/STM32_Drivers.dir/__/__/Drivers/STM32F1xx_HAL_Driver/Src/stm32f1xx_hal_rcc_ex.c.obj
LOAD cmake/stm32cubemx/CMakeFiles/STM32_Drivers.dir/__/__/Drivers/STM32F1xx_HAL_Driver/Src/stm32f1xx_hal_gpio.c.obj
LOAD cmake/stm32cubemx/CMakeFiles/STM32_Drivers.dir/__/__/Drivers/STM32F1xx_HAL_Driver/Src/stm32f1xx_hal_dma.c.obj
LOAD cmake/stm32cubemx/CMakeFiles/STM32_Drivers.dir/__/__/Drivers/STM32F1xx_HAL_Driver/Src/stm32f1xx_hal_cortex.c.obj
LOAD cmake/stm32cubemx/CMakeFiles/STM32_Drivers.dir/__/__/Drivers/STM32F1xx_HAL_Driver/Src/stm32f1xx_hal_pwr.c.obj
LOAD cmake/stm32cubemx/CMakeFiles/STM32_Drivers.dir/__/__/Drivers/STM32F1xx_HAL_Driver/Src/stm32f1xx_hal_flash.c.obj
LOAD cmake/stm32cubemx/CMakeFiles/STM32_Drivers.dir/__/__/Drivers/STM32F1xx_HAL_Driver/Src/stm32f1xx_hal_flash_ex.c.obj
LOAD cmake/stm32cubemx/CMakeFiles/STM32_Drivers.dir/__/__/Drivers/STM32F1xx_HAL_Driver/Src/stm32f1xx_hal_exti.c.obj
LOAD cmake/stm32cubemx/CMakeFiles/STM32_Drivers.dir/__/__/Drivers/STM32F1xx_HAL_Driver/Src/stm32f1xx_hal_uart.c.obj
LOAD CMakeFiles/Bootloader_F103RB.dir/Core/Src/main.c.obj
LOAD CMakeFiles/Bootloader_F103RB.dir/Core/Src/stm32f1xx_it.c.obj
LOAD CMakeFiles/Bootloader_F103RB.dir/Core/Src/stm32f1xx_hal_msp.c.obj
LOAD CMakeFiles/Bootloader_F103RB.dir/Core/Src/sysmem.c.obj
LOAD CMakeFiles/Bootloader_F103RB.dir/Core/Src/syscalls.c.obj
LOAD CMakeFiles/Bootloader_F103RB.dir/startup_stm32f103xb.s.obj
LOAD CMakeFiles/Bootloader_F103RB.dir/Core/Src/flash.c.obj
LOAD CMakeFiles/Bootloader_F103RB.dir/Core/Src/uart_reception.c.obj
LOAD /Applications/ArmGNUToolchain/15.2.rel1/arm-none-eabi/bin/../lib/gcc/arm-none-eabi/15.2.1/../../../../arm-none-eabi/lib/thumb/v7-m/nofp/libm.a
START GROUP
LOAD /Applications/ArmGNUToolchain/15.2.rel1/arm-none-eabi/bin/../lib/gcc/arm-none-eabi/15.2.1/thumb/v7-m/nofp/libgcc.a
LOAD /Applications/ArmGNUToolchain/15.2.rel1/arm-none-eabi/bin/../lib/gcc/arm-none-eabi/15.2.1/../../../../arm-none-eabi/lib/thumb/v7-m/nofp/libg_nano.a
LOAD /Applications/ArmGNUToolchain/15.2.rel1/arm-none-eabi/bin/../lib/gcc/arm-none-eabi/15.2.1/../../../../arm-none-eabi/lib/thumb/v7-m/nofp/libc_nano.a
END GROUP
START GROUP
LOAD /Applications/ArmGNUToolchain/15.2.rel1/arm-none-eabi/bin/../lib/gcc/arm-none-eabi/15.2.1/thumb/v7-m/nofp/libgcc.a
LOAD /Applications/ArmGNUToolchain/15.2.rel1/arm-none-eabi/bin/../lib/gcc/arm-none-eabi/15.2.1/../../../../arm-none-eabi/lib/thumb/v7-m/nofp/libc_nano.a
END GROUP
LOAD /Applications/ArmGNUToolchain/15.2.rel1/arm-none-eabi/bin/../lib/gcc/arm-none-eabi/15.2.1/thumb/v7-m/nofp/crtend.o
LOAD /Applications/ArmGNUToolchain/15.2.rel1/arm-none-eabi/bin/../lib/gcc/arm-none-eabi/15.2.1/thumb/v7-m/nofp/crtn.o
                0x20005000                        _estack = (ORIGIN (RAM) + LENGTH (RAM))
                0x00000200                        _Min_Heap_Size = 0x200
                0x00000400                        _Min_Stack_Size = 0x400

.isr_vector     0x08000000      0x10c
                0x08000000                        . = ALIGN (0x4)
 *(.isr_vector)
 .isr_vector    0x08000000      0x10c CMakeFiles/Bootloader_F103RB.dir/startup_stm32f103xb.s.obj
                0x08000000                g_pfnVectors
                0x0800010c                        . = ALIGN (0x4)

.text           0x0800010c     0x3110
                0x0800010c                        . = ALIGN (0x4)
 *(.text)
 *(.text*)
 .text.deregister_tm_clones
                0x0800010c       0x1c /Applications/ArmGNUToolchain/15.2.rel1/arm-none-eabi/bin/../lib/gcc/arm-none-eabi/15.2.1/thumb/v7-m/nofp/crtbegin.o
 .text.register_tm_clones
                0x08000128       0x24 /Applications/ArmGNUToolchain/15.2.rel1/arm-none-eabi/bin/../lib/gcc/arm-none-eabi/15.2.1/thumb/v7-m/nofp/crtbegin.o
 .text.__do_global_dtors_aux
                0x0800014c       0x28 /Applications/ArmGNUToolchain/15.2.rel1/arm-none-eabi/bin/../lib/gcc/arm-none-eabi/15.2.1/thumb/v7-m/nofp/crtbegin.o
 .text.frame_dummy
                0x08000174       0x24 /Applications/ArmGNUToolchain/15.2.rel1/arm-none-eabi/bin/../lib/gcc/arm-none-eabi/15.2.1/thumb/v7-m/nofp/crtbegin.o
 .text.SystemInit
                0x08000198        0xc cmake/stm32cubemx/CMakeFiles/STM32_Drivers.dir/__/__/Core/Src/system_stm32f1xx.c.obj
                0x08000198                SystemInit
 .text.HAL_CRC_Init
                0x080001a4       0x38 cmake/stm32cubemx/CMakeFiles/STM32_Drivers.dir/__/__/Drivers/STM32F1xx_HAL_Driver/Src/stm32f1xx_hal_crc.c.obj
                0x080001a4                HAL_CRC_Init
 .text.HAL_Init
                0x080001dc       0x2c cmake/stm32cubemx/CMakeFiles/STM32_Drivers.dir/__/__/Drivers/STM32F1xx_HAL_Driver/Src/stm32f1xx_hal.c.obj
                0x080001dc                HAL_Init
 .text.HAL_InitTick
                0x08000208       0x60 cmake/stm32cubemx/CMakeFiles/STM32_Drivers.dir/__/__/Drivers/STM32F1xx_HAL_Driver/Src/stm32f1xx_hal.c.obj
                0x08000208                HAL_InitTick
 .text.HAL_IncTick
                0x08000268       0x24 cmake/stm32cubemx/CMakeFiles/STM32_Drivers.dir/__/__/Drivers/STM32F1xx_HAL_Driver/Src/stm32f1xx_hal.c.obj
                0x08000268                HAL_IncTick
 .text.HAL_GetTick
                0x0800028c       0x14 cmake/stm32cubemx/CMakeFiles/STM32_Drivers.dir/__/__/Drivers/STM32F1xx_HAL_Driver/Src/stm32f1xx_hal.c.obj
                0x0800028c                HAL_GetTick
 .text.HAL_Delay
                0x080002a0       0x48 cmake/stm32cubemx/CMakeFiles/STM32_Drivers.dir/__/__/Drivers/STM32F1xx_HAL_Driver/Src/stm32f1xx_hal.c.obj
                0x080002a0                HAL_Delay
 .text.HAL_RCC_OscConfig
                0x080002e8      0x504 cmake/stm32cubemx/CMakeFiles/STM32_Drivers.dir/__/__/Drivers/STM32F1xx_HAL_Driver/Src/stm32f1xx_hal_rcc.c.obj
                0x080002e8                HAL_RCC_OscConfig
 .text.HAL_RCC_ClockConfig
                0x080007ec      0x1d4 cmake/stm32cubemx/CMakeFiles/STM32_Drivers.dir/__/__/Drivers/STM32F1xx_HAL_Driver/Src/stm32f1xx_hal_rcc.c.obj
                0x080007ec                HAL_RCC_ClockConfig
 .text.HAL_RCC_GetSysClockFreq
                0x080009c0       0xa8 cmake/stm32cubemx/CMakeFiles/STM32_Drivers.dir/__/__/Drivers/STM32F1xx_HAL_Driver/Src/stm32f1xx_hal_rcc.c.obj
                0x080009c0                HAL_RCC_GetSysClockFreq
 .text.HAL_RCC_GetHCLKFreq
                0x08000a68       0x14 cmake/stm32cubemx/CMakeFiles/STM32_Drivers.dir/__/__/Drivers/STM32F1xx_HAL_Driver/Src/stm32f1xx_hal_rcc.c.obj
                0x08000a68                HAL_RCC_GetHCLKFreq
 .text.HAL_RCC_GetPCLK1Freq
                0x08000a7c       0x28 cmake/stm32cubemx/CMakeFiles/STM32_Drivers.dir/__/__/Drivers/STM32F1xx_HAL_Driver/Src/stm32f1xx_hal_rcc.c.obj
                0x08000a7c                HAL_RCC_GetPCLK1Freq
 .text.HAL_RCC_GetPCLK2Freq
                0x08000aa4       0x28 cmake/stm32cubemx/CMakeFiles/STM32_Drivers.dir/__/__/Drivers/STM32F1xx_HAL_Driver/Src/stm32f1xx_hal_rcc.c.obj
                0x08000aa4                HAL_RCC_GetPCLK2Freq
 .text.RCC_Delay
                0x08000acc       0x3c cmake/stm32cubemx/CMakeFiles/STM32_Drivers.dir/__/__/Drivers/STM32F1xx_HAL_Driver/Src/stm32f1xx_hal_rcc.c.obj
 .text.HAL_GPIO_Init
                0x08000b08      0x2dc cmake/stm32cubemx/CMakeFiles/STM32_Drivers.dir/__/__/Drivers/STM32F1xx_HAL_Driver/Src/stm32f1xx_hal_gpio.c.obj
                0x08000b08                HAL_GPIO_Init
 .text.HAL_GPIO_ReadPin
                0x08000de4       0x2e cmake/stm32cubemx/CMakeFiles/STM32_Drivers.dir/__/__/Drivers/STM32F1xx_HAL_Driver/Src/stm32f1xx_hal_gpio.c.obj
                0x08000de4                HAL_GPIO_ReadPin
 .text.HAL_GPIO_WritePin
                0x08000e12       0x30 cmake/stm32cubemx/CMakeFiles/STM32_Drivers.dir/__/__/Drivers/STM32F1xx_HAL_Driver/Src/stm32f1xx_hal_gpio.c.obj
                0x08000e12                HAL_GPIO_WritePin
 *fill*         0x08000e42        0x2 
 .text.HAL_GPIO_EXTI_IRQHandler
                0x08000e44       0x30 cmake/stm32cubemx/CMakeFiles/STM32_Drivers.dir/__/__/Drivers/STM32F1xx_HAL_Driver/Src/stm32f1xx_hal_gpio.c.obj
                0x08000e44                HAL_GPIO_EXTI_IRQHandler
 .text.HAL_GPIO_EXTI_Callback
                0x08000e74       0x14 cmake/stm32cubemx/CMakeFiles/STM32_Drivers.dir/__/__/Drivers/STM32F1xx_HAL_Driver/Src/stm32f1xx_hal_gpio.c.obj
                0x08000e74                HAL_GPIO_EXTI_Callback
 .text.__NVIC_SetPriorityGrouping
                0x08000e88       0x48 cmake/stm32cubemx/CMakeFiles/STM32_Drivers.dir/__/__/Drivers/STM32F1xx_HAL_Driver/Src/stm32f1xx_hal_cortex.c.obj
 .text.__NVIC_GetPriorityGrouping
                0x08000ed0       0x1c cmake/stm32cubemx/CMakeFiles/STM32_Drivers.dir/__/__/Drivers/STM32F1xx_HAL_Driver/Src/stm32f1xx_hal_cortex.c.obj
 .text.__NVIC_EnableIRQ
                0x08000eec       0x38 cmake/stm32cubemx/CMakeFiles/STM32_Drivers.dir/__/__/Drivers/STM32F1xx_HAL_Driver/Src/stm32f1xx_hal_cortex.c.obj
 .text.__NVIC_SetPriority
                0x08000f24       0x54 cmake/stm32cubemx/CMakeFiles/STM32_Drivers.dir/__/__/Drivers/STM32F1xx_HAL_Driver/Src/stm32f1xx_hal_cortex.c.obj
 .text.NVIC_EncodePriority
                0x08000f78       0x6e cmake/stm32cubemx/CMakeFiles/STM32_Drivers.dir/__/__/Drivers/STM32F1xx_HAL_Driver/Src/stm32f1xx_hal_cortex.c.obj
 *fill*         0x08000fe6        0x2 
 .text.__NVIC_SystemReset
                0x08000fe8       0x2c cmake/stm32cubemx/CMakeFiles/STM32_Drivers.dir/__/__/Drivers/STM32F1xx_HAL_Driver/Src/stm32f1xx_hal_cortex.c.obj
 .text.SysTick_Config
                0x08001014       0x44 cmake/stm32cubemx/CMakeFiles/STM32_Drivers.dir/__/__/Drivers/STM32F1xx_HAL_Driver/Src/stm32f1xx_hal_cortex.c.obj
 .text.HAL_NVIC_SetPriorityGrouping
                0x08001058       0x16 cmake/stm32cubemx/CMakeFiles/STM32_Drivers.dir/__/__/Drivers/STM32F1xx_HAL_Driver/Src/stm32f1xx_hal_cortex.c.obj
                0x08001058                HAL_NVIC_SetPriorityGrouping
 .text.HAL_NVIC_SetPriority
                0x0800106e       0x38 cmake/stm32cubemx/CMakeFiles/STM32_Drivers.dir/__/__/Drivers/STM32F1xx_HAL_Driver/Src/stm32f1xx_hal_cortex.c.obj
                0x0800106e                HAL_NVIC_SetPriority
 .text.HAL_NVIC_EnableIRQ
                0x080010a6       0x1c cmake/stm32cubemx/CMakeFiles/STM32_Drivers.dir/__/__/Drivers/STM32F1xx_HAL_Driver/Src/stm32f1xx_hal_cortex.c.obj
                0x080010a6                HAL_NVIC_EnableIRQ
 .text.HAL_NVIC_SystemReset
                0x080010c2        0x8 cmake/stm32cubemx/CMakeFiles/STM32_Drivers.dir/__/__/Drivers/STM32F1xx_HAL_Driver/Src/stm32f1xx_hal_cortex.c.obj
                0x080010c2                HAL_NVIC_SystemReset
 .text.HAL_SYSTICK_Config
                0x080010ca       0x18 cmake/stm32cubemx/CMakeFiles/STM32_Drivers.dir/__/__/Drivers/STM32F1xx_HAL_Driver/Src/stm32f1xx_hal_cortex.c.obj
                0x080010ca                HAL_SYSTICK_Config
 *fill*         0x080010e2        0x2 
 .text.HAL_FLASH_Program
                0x080010e4       0xe0 cmake/stm32cubemx/CMakeFiles/STM32_Drivers.dir/__/__/Drivers/STM32F1xx_HAL_Driver/Src/stm32f1xx_hal_flash.c.obj
                0x080010e4                HAL_FLASH_Program
 .text.HAL_FLASH_Unlock
                0x080011c4       0x4c cmake/stm32cubemx/CMakeFiles/STM32_Drivers.dir/__/__/Drivers/STM32F1xx_HAL_Driver/Src/stm32f1xx_hal_flash.c.obj
                0x080011c4                HAL_FLASH_Unlock
 .text.HAL_FLASH_Lock
                0x08001210       0x20 cmake/stm32cubemx/CMakeFiles/STM32_Drivers.dir/__/__/Drivers/STM32F1xx_HAL_Driver/Src/stm32f1xx_hal_flash.c.obj
                0x08001210                HAL_FLASH_Lock
 .text.FLASH_Program_HalfWord
                0x08001230       0x38 cmake/stm32cubemx/CMakeFiles/STM32_Drivers.dir/__/__/Drivers/STM32F1xx_HAL_Driver/Src/stm32f1xx_hal_flash.c.obj
 .text.FLASH_WaitForLastOperation
                0x08001268       0x8c cmake/stm32cubemx/CMakeFiles/STM32_Drivers.dir/__/__/Drivers/STM32F1xx_HAL_Driver/Src/stm32f1xx_hal_flash.c.obj
                0x08001268                FLASH_WaitForLastOperation
 .text.FLASH_SetErrorCode
                0x080012f4       0xa0 cmake/stm32cubemx/CMakeFiles/STM32_Drivers.dir/__/__/Drivers/STM32F1xx_HAL_Driver/Src/stm32f1xx_hal_flash.c.obj
 .text.HAL_FLASHEx_Erase
                0x08001394       0xd8 cmake/stm32cubemx/CMakeFiles/STM32_Drivers.dir/__/__/Drivers/STM32F1xx_HAL_Driver/Src/stm32f1xx_hal_flash_ex.c.obj
                0x08001394                HAL_FLASHEx_Erase
 .text.FLASH_MassErase
                0x0800146c       0x38 cmake/stm32cubemx/CMakeFiles/STM32_Drivers.dir/__/__/Drivers/STM32F1xx_HAL_Driver/Src/stm32f1xx_hal_flash_ex.c.obj
 .text.FLASH_PageErase
                0x080014a4       0x40 cmake/stm32cubemx/CMakeFiles/STM32_Drivers.dir/__/__/Drivers/STM32F1xx_HAL_Driver/Src/stm32f1xx_hal_flash_ex.c.obj
                0x080014a4                FLASH_PageErase
 .text.HAL_UART_Init
                0x080014e4       0xa0 cmake/stm32cubemx/CMakeFiles/STM32_Drivers.dir/__/__/Drivers/STM32F1xx_HAL_Driver/Src/stm32f1xx_hal_uart.c.obj
                0x080014e4                HAL_UART_Init
 .text.HAL_UART_Transmit
                0x08001584      0x116 cmake/stm32cubemx/CMakeFiles/STM32_Drivers.dir/__/__/Drivers/STM32F1xx_HAL_Driver/Src/stm32f1xx_hal_uart.c.obj
                0x08001584                HAL_UART_Transmit
 .text.HAL_UART_Receive
                0x0800169a      0x12e cmake/stm32cubemx/CMakeFiles/STM32_Drivers.dir/__/__/Drivers/STM32F1xx_HAL_Driver/Src/stm32f1xx_hal_uart.c.obj
                0x0800169a                HAL_UART_Receive
 .text.UART_WaitOnFlagUntilTimeout
                0x080017c8       0xb2 cmake/stm32cubemx/CMakeFiles/STM32_Drivers.dir/__/__/Drivers/STM32F1xx_HAL_Driver/Src/stm32f1xx_hal_uart.c.obj
 .text.UART_EndRxTransfer
                0x0800187a       0xc4 cmake/stm32cubemx/CMakeFiles/STM32_Drivers.dir/__/__/Drivers/STM32F1xx_HAL_Driver/Src/stm32f1xx_hal_uart.c.obj
 *fill*         0x0800193e        0x2 
 .text.UART_SetConfig
                0x08001940      0x11c cmake/stm32cubemx/CMakeFiles/STM32_Drivers.dir/__/__/Drivers/STM32F1xx_HAL_Driver/Src/stm32f1xx_hal_uart.c.obj
 .text.printchar
                0x08001a5c       0x34 CMakeFiles/Bootloader_F103RB.dir/Core/Src/main.c.obj
 .text.prints   0x08001a90       0xb0 CMakeFiles/Bootloader_F103RB.dir/Core/Src/main.c.obj
 .text.printi   0x08001b40       0xd8 CMakeFiles/Bootloader_F103RB.dir/Core/Src/main.c.obj
 .text.print    0x08001c18      0x1c8 CMakeFiles/Bootloader_F103RB.dir/Core/Src/main.c.obj
 .text.printf   0x08001de0       0x28 CMakeFiles/Bootloader_F103RB.dir/Core/Src/main.c.obj
                0x08001de0                printf
 .text.main     0x08001e08       0x38 CMakeFiles/Bootloader_F103RB.dir/Core/Src/main.c.obj
                0x08001e08                main
 .text.SystemClock_Config
                0x08001e40       0x82 CMakeFiles/Bootloader_F103RB.dir/Core/Src/main.c.obj
                0x08001e40                SystemClock_Config
 *fill*         0x08001ec2        0x2 
 .text.MX_CRC_Init
                0x08001ec4       0x28 CMakeFiles/Bootloader_F103RB.dir/Core/Src/main.c.obj
 .text.MX_USART2_UART_Init
                0x08001eec       0x54 CMakeFiles/Bootloader_F103RB.dir/Core/Src/main.c.obj
 .text.MX_GPIO_Init
                0x08001f40       0xdc CMakeFiles/Bootloader_F103RB.dir/Core/Src/main.c.obj
 .text.uart_putchar
                0x0800201c       0x24 CMakeFiles/Bootloader_F103RB.dir/Core/Src/main.c.obj
                0x0800201c                uart_putchar
 .text.Task_BL_SetLED
                0x08002040       0x18 CMakeFiles/Bootloader_F103RB.dir/Core/Src/main.c.obj
                0x08002040                Task_BL_SetLED
 .text.Task_BL_BlinkLED
                0x08002058       0x30 CMakeFiles/Bootloader_F103RB.dir/Core/Src/main.c.obj
                0x08002058                Task_BL_BlinkLED
 .text.goto_application
                0x08002088       0x5c CMakeFiles/Bootloader_F103RB.dir/Core/Src/main.c.obj
 .text.check_for_update
                0x080020e4       0xb4 CMakeFiles/Bootloader_F103RB.dir/Core/Src/main.c.obj
 .text.Error_Handler
                0x08002198        0xc CMakeFiles/Bootloader_F103RB.dir/Core/Src/main.c.obj
                0x08002198                Error_Handler
 .text.NMI_Handler
                0x080021a4        0x8 CMakeFiles/Bootloader_F103RB.dir/Core/Src/stm32f1xx_it.c.obj
                0x080021a4                NMI_Handler
 .text.HardFault_Handler
                0x080021ac        0x8 CMakeFiles/Bootloader_F103RB.dir/Core/Src/stm32f1xx_it.c.obj
                0x080021ac                HardFault_Handler
 .text.MemManage_Handler
                0x080021b4        0x8 CMakeFiles/Bootloader_F103RB.dir/Core/Src/stm32f1xx_it.c.obj
                0x080021b4                MemManage_Handler
 .text.BusFault_Handler
                0x080021bc        0x8 CMakeFiles/Bootloader_F103RB.dir/Core/Src/stm32f1xx_it.c.obj
                0x080021bc                BusFault_Handler
 .text.UsageFault_Handler
                0x080021c4        0x8 CMakeFiles/Bootloader_F103RB.dir/Core/Src/stm32f1xx_it.c.obj
                0x080021c4                UsageFault_Handler
 .text.SVC_Handler
                0x080021cc        0xc CMakeFiles/Bootloader_F103RB.dir/Core/Src/stm32f1xx_it.c.obj
                0x080021cc                SVC_Handler
 .text.DebugMon_Handler
                0x080021d8        0xc CMakeFiles/Bootloader_F103RB.dir/Core/Src/stm32f1xx_it.c.obj
                0x080021d8                DebugMon_Handler
 .text.PendSV_Handler
                0x080021e4        0xc CMakeFiles/Bootloader_F103RB.dir/Core/Src/stm32f1xx_it.c.obj
                0x080021e4                PendSV_Handler
 .text.SysTick_Handler
                0x080021f0        0xc CMakeFiles/Bootloader_F103RB.dir/Core/Src/stm32f1xx_it.c.obj
                0x080021f0                SysTick_Handler
 .text.EXTI15_10_IRQHandler
                0x080021fc       0x10 CMakeFiles/Bootloader_F103RB.dir/Core/Src/stm32f1xx_it.c.obj
                0x080021fc                EXTI15_10_IRQHandler
 .text.HAL_MspInit
                0x0800220c       0x64 CMakeFiles/Bootloader_F103RB.dir/Core/Src/stm32f1xx_hal_msp.c.obj
                0x0800220c                HAL_MspInit
 .text.HAL_CRC_MspInit
                0x08002270       0x3c CMakeFiles/Bootloader_F103RB.dir/Core/Src/stm32f1xx_hal_msp.c.obj
                0x08002270                HAL_CRC_MspInit
 .text.HAL_UART_MspInit
                0x080022ac       0x7c CMakeFiles/Bootloader_F103RB.dir/Core/Src/stm32f1xx_hal_msp.c.obj
                0x080022ac                HAL_UART_MspInit
 .text._sbrk    0x08002328       0x6c CMakeFiles/Bootloader_F103RB.dir/Core/Src/sysmem.c.obj
                0x08002328                _sbrk
 .text._read    0x08002394       0x3a CMakeFiles/Bootloader_F103RB.dir/Core/Src/syscalls.c.obj
                0x08002394                _read
 .text._write   0x080023ce       0x38 CMakeFiles/Bootloader_F103RB.dir/Core/Src/syscalls.c.obj
                0x080023ce                _write
 .text._close   0x08002406       0x16 CMakeFiles/Bootloader_F103RB.dir/Core/Src/syscalls.c.obj
                0x08002406                _close
 .text._fstat   0x0800241c       0x1e CMakeFiles/Bootloader_F103RB.dir/Core/Src/syscalls.c.obj
                0x0800241c                _fstat
 .text._isatty  0x0800243a       0x14 CMakeFiles/Bootloader_F103RB.dir/Core/Src/syscalls.c.obj
                0x0800243a                _isatty
 .text._lseek   0x0800244e       0x18 CMakeFiles/Bootloader_F103RB.dir/Core/Src/syscalls.c.obj
                0x0800244e                _lseek
 *fill*         0x08002466        0x2 
 .text.Reset_Handler
                0x08002468       0x48 CMakeFiles/Bootloader_F103RB.dir/startup_stm32f103xb.s.obj
                0x08002468                Reset_Handler
 .text.Default_Handler
                0x080024b0        0x2 CMakeFiles/Bootloader_F103RB.dir/startup_stm32f103xb.s.obj
                0x080024b0                USBWakeUp_IRQHandler
                0x080024b0                EXTI2_IRQHandler
                0x080024b0                TIM1_CC_IRQHandler
                0x080024b0                PVD_IRQHandler
                0x080024b0                EXTI3_IRQHandler
                0x080024b0                EXTI0_IRQHandler
                0x080024b0                I2C2_EV_IRQHandler
                0x080024b0                ADC1_2_IRQHandler
                0x080024b0                SPI1_IRQHandler
                0x080024b0                TAMPER_IRQHandler
                0x080024b0                DMA1_Channel4_IRQHandler
                0x080024b0                USART3_IRQHandler
                0x080024b0                RTC_IRQHandler
                0x080024b0                DMA1_Channel7_IRQHandler
                0x080024b0                CAN1_RX1_IRQHandler
                0x080024b0                TIM4_IRQHandler
                0x080024b0                I2C1_EV_IRQHandler
                0x080024b0                DMA1_Channel6_IRQHandler
                0x080024b0                TIM3_IRQHandler
                0x080024b0                RCC_IRQHandler
                0x080024b0                TIM1_TRG_COM_IRQHandler
                0x080024b0                DMA1_Channel1_IRQHandler
                0x080024b0                Default_Handler
                0x080024b0                EXTI9_5_IRQHandler
                0x080024b0                SPI2_IRQHandler
                0x080024b0                DMA1_Channel5_IRQHandler
                0x080024b0                EXTI4_IRQHandler
                0x080024b0                USB_LP_CAN1_RX0_IRQHandler
                0x080024b0                USB_HP_CAN1_TX_IRQHandler
                0x080024b0                DMA1_Channel3_IRQHandler
                0x080024b0                TIM1_UP_IRQHandler
                0x080024b0                WWDG_IRQHandler
                0x080024b0                TIM2_IRQHandler
                0x080024b0                TIM1_BRK_IRQHandler
                0x080024b0                EXTI1_IRQHandler
                0x080024b0                USART2_IRQHandler
                0x080024b0                I2C2_ER_IRQHandler
                0x080024b0                DMA1_Channel2_IRQHandler
                0x080024b0                CAN1_SCE_IRQHandler
                0x080024b0                FLASH_IRQHandler
                0x080024b0                USART1_IRQHandler
                0x080024b0                I2C1_ER_IRQHandler
                0x080024b0                RTC_Alarm_IRQHandler
 *fill*         0x080024b2        0x2 
 .text.is_valid_slot_address
                0x080024b4       0x30 CMakeFiles/Bootloader_F103RB.dir/Core/Src/flash.c.obj
 .text.Flash_ErasePage
                0x080024e4       0x72 CMakeFiles/Bootloader_F103RB.dir/Core/Src/flash.c.obj
                0x080024e4                Flash_ErasePage
 .text.Flash_EraseSlot
                0x08002556       0x44 CMakeFiles/Bootloader_F103RB.dir/Core/Src/flash.c.obj
                0x08002556                Flash_EraseSlot
 .text.Flash_Write
                0x0800259a       0xa0 CMakeFiles/Bootloader_F103RB.dir/Core/Src/flash.c.obj
                0x0800259a                Flash_Write
 *fill*         0x0800263a        0x2 
 .text.crc_accumulate
                0x0800263c       0xe0 CMakeFiles/Bootloader_F103RB.dir/Core/Src/uart_reception.c.obj
 .text.send_ack
                0x0800271c       0x1c CMakeFiles/Bootloader_F103RB.dir/Core/Src/uart_reception.c.obj
 .text.send_nack
                0x08002738       0x1c CMakeFiles/Bootloader_F103RB.dir/Core/Src/uart_reception.c.obj
 .text.UART_Receive
                0x08002754      0x17c CMakeFiles/Bootloader_F103RB.dir/Core/Src/uart_reception.c.obj
                0x08002754                UART_Receive
 .text.std      0x080028d0       0x6c /Applications/ArmGNUToolchain/15.2.rel1/arm-none-eabi/bin/../lib/gcc/arm-none-eabi/15.2.1/../../../../arm-none-eabi/lib/thumb/v7-m/nofp/libg_nano.a(libc_a-findfp.o)
 .text.stdio_exit_handler
                0x0800293c       0x18 /Applications/ArmGNUToolchain/15.2.rel1/arm-none-eabi/bin/../lib/gcc/arm-none-eabi/15.2.1/../../../../arm-none-eabi/lib/thumb/v7-m/nofp/libg_nano.a(libc_a-findfp.o)
 .text.cleanup_stdio
                0x08002954       0x40 /Applications/ArmGNUToolchain/15.2.rel1/arm-none-eabi/bin/../lib/gcc/arm-none-eabi/15.2.1/../../../../arm-none-eabi/lib/thumb/v7-m/nofp/libg_nano.a(libc_a-findfp.o)
 .text.global_stdio_init.part.0
                0x08002994       0x40 /Applications/ArmGNUToolchain/15.2.rel1/arm-none-eabi/bin/../lib/gcc/arm-none-eabi/15.2.1/../../../../arm-none-eabi/lib/thumb/v7-m/nofp/libg_nano.a(libc_a-findfp.o)
 .text.__sfp_lock_acquire
                0x080029d4        0xc /Applications/ArmGNUToolchain/15.2.rel1/arm-none-eabi/bin/../lib/gcc/arm-none-eabi/15.2.1/../../../../arm-none-eabi/lib/thumb/v7-m/nofp/libg_nano.a(libc_a-findfp.o)
                0x080029d4                __sfp_lock_acquire
 .text.__sfp_lock_release
                0x080029e0        0xc /Applications/ArmGNUToolchain/15.2.rel1/arm-none-eabi/bin/../lib/gcc/arm-none-eabi/15.2.1/../../../../arm-none-eabi/lib/thumb/v7-m/nofp/libg_nano.a(libc_a-findfp.o)
                0x080029e0                __sfp_lock_release
 .text.__sinit  0x080029ec       0x30 /Applications/ArmGNUToolchain/15.2.rel1/arm-none-eabi/bin/../lib/gcc/arm-none-eabi/15.2.1/../../../../arm-none-eabi/lib/thumb/v7-m/nofp/libg_nano.a(libc_a-findfp.o)
                0x080029ec                __sinit
 .text._fwalk_sglue
                0x08002a1c       0x3a /Applications/ArmGNUToolchain/15.2.rel1/arm-none-eabi/bin/../lib/gcc/arm-none-eabi/15.2.1/../../../../arm-none-eabi/lib/thumb/v7-m/nofp/libg_nano.a(libc_a-fwalk.o)
                0x08002a1c                _fwalk_sglue
 .text._puts_r  0x08002a56       0xaa /Applications/ArmGNUToolchain/15.2.rel1/arm-none-eabi/bin/../lib/gcc/arm-none-eabi/15.2.1/../../../../arm-none-eabi/lib/thumb/v7-m/nofp/libg_nano.a(libc_a-puts.o)
                0x08002a56                _puts_r
 .text.puts     0x08002b00       0x10 /Applications/ArmGNUToolchain/15.2.rel1/arm-none-eabi/bin/../lib/gcc/arm-none-eabi/15.2.1/../../../../arm-none-eabi/lib/thumb/v7-m/nofp/libg_nano.a(libc_a-puts.o)
                0x08002b00                puts
 .text.memset   0x08002b10       0x10 /Applications/ArmGNUToolchain/15.2.rel1/arm-none-eabi/bin/../lib/gcc/arm-none-eabi/15.2.1/../../../../arm-none-eabi/lib/thumb/v7-m/nofp/libg_nano.a(libc_a-memset.o)
                0x08002b10                memset
 .text.__errno  0x08002b20        0xc /Applications/ArmGNUToolchain/15.2.rel1/arm-none-eabi/bin/../lib/gcc/arm-none-eabi/15.2.1/../../../../arm-none-eabi/lib/thumb/v7-m/nofp/libg_nano.a(libc_a-errno.o)
                0x08002b20                __errno
 .text.__libc_init_array
                0x08002b2c       0x48 /Applications/ArmGNUToolchain/15.2.rel1/arm-none-eabi/bin/../lib/gcc/arm-none-eabi/15.2.1/../../../../arm-none-eabi/lib/thumb/v7-m/nofp/libg_nano.a(libc_a-init.o)
                0x08002b2c                __libc_init_array
 .text.__retarget_lock_init_recursive
                0x08002b74        0x2 /Applications/ArmGNUToolchain/15.2.rel1/arm-none-eabi/bin/../lib/gcc/arm-none-eabi/15.2.1/../../../../arm-none-eabi/lib/thumb/v7-m/nofp/libg_nano.a(libc_a-lock.o)
                0x08002b74                __retarget_lock_init_recursive
 .text.__retarget_lock_acquire_recursive
                0x08002b76        0x2 /Applications/ArmGNUToolchain/15.2.rel1/arm-none-eabi/bin/../lib/gcc/arm-none-eabi/15.2.1/../../../../arm-none-eabi/lib/thumb/v7-m/nofp/libg_nano.a(libc_a-lock.o)
                0x08002b76                __retarget_lock_acquire_recursive
 .text.__retarget_lock_release_recursive
                0x08002b78        0x2 /Applications/ArmGNUToolchain/15.2.rel1/arm-none-eabi/bin/../lib/gcc/arm-none-eabi/15.2.1/../../../../arm-none-eabi/lib/thumb/v7-m/nofp/libg_nano.a(libc_a-lock.o)
                0x08002b78                __retarget_lock_release_recursive
 *fill*         0x08002b7a        0x2 
 .text.sbrk_aligned
                0x08002b7c       0x44 /Applications/ArmGNUToolchain/15.2.rel1/arm-none-eabi/bin/../lib/gcc/arm-none-eabi/15.2.1/../../../../arm-none-eabi/lib/thumb/v7-m/nofp/libg_nano.a(libc_a-mallocr.o)
 .text._malloc_r
                0x08002bc0       0xf8 /Applications/ArmGNUToolchain/15.2.rel1/arm-none-eabi/bin/../lib/gcc/arm-none-eabi/15.2.1/../../../../arm-none-eabi/lib/thumb/v7-m/nofp/libg_nano.a(libc_a-mallocr.o)
                0x08002bc0                _malloc_r
 .text.__malloc_lock
                0x08002cb8        0xc /Applications/ArmGNUToolchain/15.2.rel1/arm-none-eabi/bin/../lib/gcc/arm-none-eabi/15.2.1/../../../../arm-none-eabi/lib/thumb/v7-m/nofp/libg_nano.a(libc_a-mlock.o)
                0x08002cb8                __malloc_lock
 .text.__malloc_unlock
                0x08002cc4        0xc /Applications/ArmGNUToolchain/15.2.rel1/arm-none-eabi/bin/../lib/gcc/arm-none-eabi/15.2.1/../../../../arm-none-eabi/lib/thumb/v7-m/nofp/libg_nano.a(libc_a-mlock.o)
                0x08002cc4                __malloc_unlock
 .text.__sread  0x08002cd0       0x22 /Applications/ArmGNUToolchain/15.2.rel1/arm-none-eabi/bin/../lib/gcc/arm-none-eabi/15.2.1/../../../../arm-none-eabi/lib/thumb/v7-m/nofp/libg_nano.a(libc_a-stdio.o)
                0x08002cd0                __sread
 .text.__swrite
                0x08002cf2       0x38 /Applications/ArmGNUToolchain/15.2.rel1/arm-none-eabi/bin/../lib/gcc/arm-none-eabi/15.2.1/../../../../arm-none-eabi/lib/thumb/v7-m/nofp/libg_nano.a(libc_a-stdio.o)
                0x08002cf2                __swrite
 .text.__sseek  0x08002d2a       0x26 /Applications/ArmGNUToolchain/15.2.rel1/arm-none-eabi/bin/../lib/gcc/arm-none-eabi/15.2.1/../../../../arm-none-eabi/lib/thumb/v7-m/nofp/libg_nano.a(libc_a-stdio.o)
                0x08002d2a                __sseek
 .text.__sclose
                0x08002d50        0x8 /Applications/ArmGNUToolchain/15.2.rel1/arm-none-eabi/bin/../lib/gcc/arm-none-eabi/15.2.1/../../../../arm-none-eabi/lib/thumb/v7-m/nofp/libg_nano.a(libc_a-stdio.o)
                0x08002d50                __sclose
 .text.__sflush_r
                0x08002d58       0xf8 /Applications/ArmGNUToolchain/15.2.rel1/arm-none-eabi/bin/../lib/gcc/arm-none-eabi/15.2.1/../../../../arm-none-eabi/lib/thumb/v7-m/nofp/libg_nano.a(libc_a-fflush.o)
                0x08002d58                __sflush_r
 .text._fflush_r
                0x08002e50       0x50 /Applications/ArmGNUToolchain/15.2.rel1/arm-none-eabi/bin/../lib/gcc/arm-none-eabi/15.2.1/../../../../arm-none-eabi/lib/thumb/v7-m/nofp/libg_nano.a(libc_a-fflush.o)
                0x08002e50                _fflush_r
 .text.__swbuf_r
                0x08002ea0       0x7a /Applications/ArmGNUToolchain/15.2.rel1/arm-none-eabi/bin/../lib/gcc/arm-none-eabi/15.2.1/../../../../arm-none-eabi/lib/thumb/v7-m/nofp/libg_nano.a(libc_a-wbuf.o)
                0x08002ea0                __swbuf_r
 *fill*         0x08002f1a        0x2 
 .text.__swsetup_r
                0x08002f1c       0xa8 /Applications/ArmGNUToolchain/15.2.rel1/arm-none-eabi/bin/../lib/gcc/arm-none-eabi/15.2.1/../../../../arm-none-eabi/lib/thumb/v7-m/nofp/libg_nano.a(libc_a-wsetup.o)
                0x08002f1c                __swsetup_r
 .text.__swhatbuf_r
                0x08002fc4       0x48 /Applications/ArmGNUToolchain/15.2.rel1/arm-none-eabi/bin/../lib/gcc/arm-none-eabi/15.2.1/../../../../arm-none-eabi/lib/thumb/v7-m/nofp/libg_nano.a(libc_a-makebuf.o)
                0x08002fc4                __swhatbuf_r
 .text.__smakebuf_r
                0x0800300c       0x72 /Applications/ArmGNUToolchain/15.2.rel1/arm-none-eabi/bin/../lib/gcc/arm-none-eabi/15.2.1/../../../../arm-none-eabi/lib/thumb/v7-m/nofp/libg_nano.a(libc_a-makebuf.o)
                0x0800300c                __smakebuf_r
 *fill*         0x0800307e        0x2 
 .text._isatty_r
                0x08003080       0x20 /Applications/ArmGNUToolchain/15.2.rel1/arm-none-eabi/bin/../lib/gcc/arm-none-eabi/15.2.1/../../../../arm-none-eabi/lib/thumb/v7-m/nofp/libg_nano.a(libc_a-isattyr.o)
                0x08003080                _isatty_r
 .text._lseek_r
                0x080030a0       0x24 /Applications/ArmGNUToolchain/15.2.rel1/arm-none-eabi/bin/../lib/gcc/arm-none-eabi/15.2.1/../../../../arm-none-eabi/lib/thumb/v7-m/nofp/libg_nano.a(libc_a-lseekr.o)
                0x080030a0                _lseek_r
 .text._read_r  0x080030c4       0x24 /Applications/ArmGNUToolchain/15.2.rel1/arm-none-eabi/bin/../lib/gcc/arm-none-eabi/15.2.1/../../../../arm-none-eabi/lib/thumb/v7-m/nofp/libg_nano.a(libc_a-readr.o)
                0x080030c4                _read_r
 .text._sbrk_r  0x080030e8       0x20 /Applications/ArmGNUToolchain/15.2.rel1/arm-none-eabi/bin/../lib/gcc/arm-none-eabi/15.2.1/../../../../arm-none-eabi/lib/thumb/v7-m/nofp/libg_nano.a(libc_a-sbrkr.o)
                0x080030e8                _sbrk_r
 .text._write_r
                0x08003108       0x24 /Applications/ArmGNUToolchain/15.2.rel1/arm-none-eabi/bin/../lib/gcc/arm-none-eabi/15.2.1/../../../../arm-none-eabi/lib/thumb/v7-m/nofp/libg_nano.a(libc_a-writer.o)
                0x08003108                _write_r
 .text._close_r
                0x0800312c       0x20 /Applications/ArmGNUToolchain/15.2.rel1/arm-none-eabi/bin/../lib/gcc/arm-none-eabi/15.2.1/../../../../arm-none-eabi/lib/thumb/v7-m/nofp/libg_nano.a(libc_a-closer.o)
                0x0800312c                _close_r
 .text._fstat_r
                0x0800314c       0x24 /Applications/ArmGNUToolchain/15.2.rel1/arm-none-eabi/bin/../lib/gcc/arm-none-eabi/15.2.1/../../../../arm-none-eabi/lib/thumb/v7-m/nofp/libg_nano.a(libc_a-fstatr.o)
                0x0800314c                _fstat_r
 .text._free_r  0x08003170       0x94 /Applications/ArmGNUToolchain/15.2.rel1/arm-none-eabi/bin/../lib/gcc/arm-none-eabi/15.2.1/../../../../arm-none-eabi/lib/thumb/v7-m/nofp/libg_nano.a(libc_a-freer.o)
                0x08003170                _free_r
 *(.glue_7)
 .glue_7        0x08003204        0x0 linker stubs
 *(.glue_7t)
 .glue_7t       0x08003204        0x0 linker stubs
 *(.eh_frame)
 .eh_frame      0x08003204        0x0 /Applications/ArmGNUToolchain/15.2.rel1/arm-none-eabi/bin/../lib/gcc/arm-none-eabi/15.2.1/thumb/v7-m/nofp/crtbegin.o
 *(.init)
 .init          0x08003204        0x4 /Applications/ArmGNUToolchain/15.2.rel1/arm-none-eabi/bin/../lib/gcc/arm-none-eabi/15.2.1/thumb/v7-m/nofp/crti.o
                0x08003204                _init
 .init          0x08003208        0x8 /Applications/ArmGNUToolchain/15.2.rel1/arm-none-eabi/bin/../lib/gcc/arm-none-eabi/15.2.1/thumb/v7-m/nofp/crtn.o
 *(.fini)
 .fini          0x08003210        0x4 /Applications/ArmGNUToolchain/15.2.rel1/arm-none-eabi/bin/../lib/gcc/arm-none-eabi/15.2.1/thumb/v7-m/nofp/crti.o
                0x08003210                _fini
 .fini          0x08003214        0x8 /Applications/ArmGNUToolchain/15.2.rel1/arm-none-eabi/bin/../lib/gcc/arm-none-eabi/15.2.1/thumb/v7-m/nofp/crtn.o
                0x0800321c                        . = ALIGN (0x4)
                0x0800321c                        _etext = .

.vfp11_veneer   0x0800321c        0x0
 .vfp11_veneer  0x0800321c        0x0 linker stubs

.v4_bx          0x0800321c        0x0
 .v4_bx         0x0800321c        0x0 linker stubs

.iplt           0x0800321c        0x0
 .iplt          0x0800321c        0x0 /Applications/ArmGNUToolchain/15.2.rel1/arm-none-eabi/bin/../lib/gcc/arm-none-eabi/15.2.1/thumb/v7-m/nofp/crtbegin.o

.rodata         0x0800321c      0x15c
                0x0800321c                        . = ALIGN (0x4)
 *(.rodata)
 .rodata        0x0800321c      0x11e CMakeFiles/Bootloader_F103RB.dir/Core/Src/main.c.obj
 *fill*         0x0800333a        0x2 
 .rodata        0x0800333c        0xf CMakeFiles/Bootloader_F103RB.dir/Core/Src/uart_reception.c.obj
 *(.rodata*)
 *fill*         0x0800334b        0x1 
 .rodata.AHBPrescTable
                0x0800334c       0x10 cmake/stm32cubemx/CMakeFiles/STM32_Drivers.dir/__/__/Core/Src/system_stm32f1xx.c.obj
                0x0800334c                AHBPrescTable
 .rodata.APBPrescTable
                0x0800335c        0x8 cmake/stm32cubemx/CMakeFiles/STM32_Drivers.dir/__/__/Core/Src/system_stm32f1xx.c.obj
                0x0800335c                APBPrescTable
 .rodata.aPLLMULFactorTable.1
                0x08003364       0x10 cmake/stm32cubemx/CMakeFiles/STM32_Drivers.dir/__/__/Drivers/STM32F1xx_HAL_Driver/Src/stm32f1xx_hal_rcc.c.obj
 .rodata.aPredivFactorTable.0
                0x08003374        0x2 cmake/stm32cubemx/CMakeFiles/STM32_Drivers.dir/__/__/Drivers/STM32F1xx_HAL_Driver/Src/stm32f1xx_hal_rcc.c.obj
                0x08003378                        . = ALIGN (0x4)
 *fill*         0x08003376        0x2 

.ARM.extab      0x08003378        0x0
                0x08003378                        . = ALIGN (0x4)
 *(.ARM.extab* .gnu.linkonce.armextab.*)
                0x08003378                        . = ALIGN (0x4)

.ARM            0x08003378        0x0
                0x08003378                        . = ALIGN (0x4)
                0x08003378                        __exidx_start = .
 *(.ARM.exidx*)
                0x08003378                        __exidx_end = .
                0x08003378                        . = ALIGN (0x4)

.preinit_array  0x08003378        0x0
                0x08003378                        . = ALIGN (0x4)
                0x08003378                        PROVIDE (__preinit_array_start = .)
 *(.preinit_array*)
                0x08003378                        PROVIDE (__preinit_array_end = .)
                0x08003378                        . = ALIGN (0x4)

.init_array     0x08003378        0x4
                0x08003378                        . = ALIGN (0x4)
                0x08003378                        PROVIDE (__init_array_start = .)
 *(SORT_BY_NAME(.init_array.*))
 *(.init_array*)
 .init_array    0x08003378        0x4 /Applications/ArmGNUToolchain/15.2.rel1/arm-none-eabi/bin/../lib/gcc/arm-none-eabi/15.2.1/thumb/v7-m/nofp/crtbegin.o
                0x0800337c                        PROVIDE (__init_array_end = .)
                0x0800337c                        . = ALIGN (0x4)

.fini_array     0x0800337c        0x4
                0x0800337c                        . = ALIGN (0x4)
                [!provide]                        PROVIDE (__fini_array_start = .)
 *(SORT_BY_NAME(.fini_array.*))
 *(.fini_array*)
 .fini_array    0x0800337c        0x4 /Applications/ArmGNUToolchain/15.2.rel1/arm-none-eabi/bin/../lib/gcc/arm-none-eabi/15.2.1/thumb/v7-m/nofp/crtbegin.o
                [!provide]                        PROVIDE (__fini_array_end = .)
                0x08003380                        . = ALIGN (0x4)
                0x08003380                        _sidata = LOADADDR (.data)

.rel.dyn        0x08003380        0x0
 .rel.iplt      0x08003380        0x0 /Applications/ArmGNUToolchain/15.2.rel1/arm-none-eabi/bin/../lib/gcc/arm-none-eabi/15.2.1/thumb/v7-m/nofp/crtbegin.o

.data           0x20000000       0x68 load address 0x08003380
                0x20000000                        . = ALIGN (0x4)
                0x20000000                        _sdata = .
 *(.data)
 *(.data*)
 .data.SystemCoreClock
                0x20000000        0x4 cmake/stm32cubemx/CMakeFiles/STM32_Drivers.dir/__/__/Core/Src/system_stm32f1xx.c.obj
                0x20000000                SystemCoreClock
 .data.uwTickPrio
                0x20000004        0x4 cmake/stm32cubemx/CMakeFiles/STM32_Drivers.dir/__/__/Drivers/STM32F1xx_HAL_Driver/Src/stm32f1xx_hal.c.obj
                0x20000004                uwTickPrio
 .data.uwTickFreq
                0x20000008        0x1 cmake/stm32cubemx/CMakeFiles/STM32_Drivers.dir/__/__/Drivers/STM32F1xx_HAL_Driver/Src/stm32f1xx_hal.c.obj
                0x20000008                uwTickFreq
 *fill*         0x20000009        0x3 
 .data.__sglue  0x2000000c        0xc /Applications/ArmGNUToolchain/15.2.rel1/arm-none-eabi/bin/../lib/gcc/arm-none-eabi/15.2.1/../../../../arm-none-eabi/lib/thumb/v7-m/nofp/libg_nano.a(libc_a-findfp.o)
                0x2000000c                __sglue
 .data._impure_ptr
                0x20000018        0x4 /Applications/ArmGNUToolchain/15.2.rel1/arm-none-eabi/bin/../lib/gcc/arm-none-eabi/15.2.1/../../../../arm-none-eabi/lib/thumb/v7-m/nofp/libg_nano.a(libc_a-impure.o)
                0x20000018                _impure_ptr
 .data._impure_data
                0x2000001c       0x4c /Applications/ArmGNUToolchain/15.2.rel1/arm-none-eabi/bin/../lib/gcc/arm-none-eabi/15.2.1/../../../../arm-none-eabi/lib/thumb/v7-m/nofp/libg_nano.a(libc_a-impure.o)
                0x2000001c                _impure_data
 *(.RamFunc)
 *(.RamFunc*)
                0x20000068                        . = ALIGN (0x4)

.tm_clone_table
                0x20000068        0x0 load address 0x080033e8
 .tm_clone_table
                0x20000068        0x0 /Applications/ArmGNUToolchain/15.2.rel1/arm-none-eabi/bin/../lib/gcc/arm-none-eabi/15.2.1/thumb/v7-m/nofp/crtbegin.o
 .tm_clone_table
                0x20000068        0x0 /Applications/ArmGNUToolchain/15.2.rel1/arm-none-eabi/bin/../lib/gcc/arm-none-eabi/15.2.1/thumb/v7-m/nofp/crtend.o

.igot.plt       0x20000068        0x0 load address 0x080033e8
 .igot.plt      0x20000068        0x0 /Applications/ArmGNUToolchain/15.2.rel1/arm-none-eabi/bin/../lib/gcc/arm-none-eabi/15.2.1/thumb/v7-m/nofp/crtbegin.o

.tdata          0x20000068        0x0 load address 0x080033e8
 *(.tdata .tdata.* .gnu.linkonce.td.*)
                0x20000068                        . = ALIGN (0x4)
                0x20000068                        _edata = .
                [!provide]                        PROVIDE (__data_end = .)
                [!provide]                        PROVIDE (__tdata_end = .)
                [!provide]                        PROVIDE (__tdata_start = ADDR (.tdata))
                [!provide]                        PROVIDE (__tdata_size = (__tdata_end - __tdata_start))
                [!provide]                        PROVIDE (__data_start = ADDR (.data))
                [!provide]                        PROVIDE (__data_size = (__data_end - __data_start))
                [!provide]                        PROVIDE (__tdata_source = LOADADDR (.tdata))
                [!provide]                        PROVIDE (__tdata_source_end = (LOADADDR (.tdata) + SIZEOF (.tdata)))
                [!provide]                        PROVIDE (__tdata_source_size = (__tdata_source_end - __tdata_source))
                [!provide]                        PROVIDE (__data_source = LOADADDR (.data))
                [!provide]                        PROVIDE (__data_source_end = __tdata_source_end)
                [!provide]                        PROVIDE (__data_source_size = (__data_source_end - __data_source))

.tbss           0x20000068        0x0 load address 0x080033e8
                0x20000068                        _sbss = .
                0x20000068                        __bss_start__ = _sbss
 *(.tbss .tbss.*)
                0x20000068                        . = ALIGN (0x4)
                [!provide]                        PROVIDE (__tbss_end = .)
                [!provide]                        PROVIDE (__tbss_start = ADDR (.tbss))
                [!provide]                        PROVIDE (__tbss_size = (__tbss_end - __tbss_start))
                [!provide]                        PROVIDE (__tbss_offset = (ADDR (.tbss) - ADDR (.tdata)))
                [!provide]                        PROVIDE (__tls_base = __tdata_start)
                [!provide]                        PROVIDE (__tls_end = __tbss_end)
                [!provide]                        PROVIDE (__tls_size = (__tls_end - __tls_base))
                [!provide]                        PROVIDE (__tls_align = MAX (ALIGNOF (.tdata), ALIGNOF (.tbss)))
                [!provide]                        PROVIDE (__tls_size_align = (((__tls_size + __tls_align) - 0x1) & ~ ((__tls_align - 0x1))))
                [!provide]                        PROVIDE (__arm32_tls_tcb_offset = MAX (0x8, __tls_align))
                [!provide]                        PROVIDE (__arm64_tls_tcb_offset = MAX (0x10, __tls_align))

.bss            0x20000068      0x5e0 load address 0x080033e8
 *(.bss)
 *(.bss*)
 .bss.completed.1
                0x20000068        0x1 /Applications/ArmGNUToolchain/15.2.rel1/arm-none-eabi/bin/../lib/gcc/arm-none-eabi/15.2.1/thumb/v7-m/nofp/crtbegin.o
 *fill*         0x20000069        0x3 
 .bss.object.0  0x2000006c       0x18 /Applications/ArmGNUToolchain/15.2.rel1/arm-none-eabi/bin/../lib/gcc/arm-none-eabi/15.2.1/thumb/v7-m/nofp/crtbegin.o
 .bss.uwTick    0x20000084        0x4 cmake/stm32cubemx/CMakeFiles/STM32_Drivers.dir/__/__/Drivers/STM32F1xx_HAL_Driver/Src/stm32f1xx_hal.c.obj
                0x20000084                uwTick
 .bss.pFlash    0x20000088       0x20 cmake/stm32cubemx/CMakeFiles/STM32_Drivers.dir/__/__/Drivers/STM32F1xx_HAL_Driver/Src/stm32f1xx_hal_flash.c.obj
                0x20000088                pFlash
 .bss.hcrc      0x200000a8        0x8 CMakeFiles/Bootloader_F103RB.dir/Core/Src/main.c.obj
                0x200000a8                hcrc
 .bss.huart2    0x200000b0       0x48 CMakeFiles/Bootloader_F103RB.dir/Core/Src/main.c.obj
                0x200000b0                huart2
 .bss.__sbrk_heap_end
                0x200000f8        0x4 CMakeFiles/Bootloader_F103RB.dir/Core/Src/sysmem.c.obj
 .bss.chunk.0   0x200000fc      0x400 CMakeFiles/Bootloader_F103RB.dir/Core/Src/uart_reception.c.obj
 .bss.__sf      0x200004fc      0x138 /Applications/ArmGNUToolchain/15.2.rel1/arm-none-eabi/bin/../lib/gcc/arm-none-eabi/15.2.1/../../../../arm-none-eabi/lib/thumb/v7-m/nofp/libg_nano.a(libc_a-findfp.o)
                0x200004fc                __sf
 .bss.__stdio_exit_handler
                0x20000634        0x4 /Applications/ArmGNUToolchain/15.2.rel1/arm-none-eabi/bin/../lib/gcc/arm-none-eabi/15.2.1/../../../../arm-none-eabi/lib/thumb/v7-m/nofp/libg_nano.a(libc_a-findfp.o)
                0x20000634                __stdio_exit_handler
 .bss.__lock___malloc_recursive_mutex
                0x20000638        0x1 /Applications/ArmGNUToolchain/15.2.rel1/arm-none-eabi/bin/../lib/gcc/arm-none-eabi/15.2.1/../../../../arm-none-eabi/lib/thumb/v7-m/nofp/libg_nano.a(libc_a-lock.o)
                0x20000638                __lock___malloc_recursive_mutex
 .bss.__lock___sfp_recursive_mutex
                0x20000639        0x1 /Applications/ArmGNUToolchain/15.2.rel1/arm-none-eabi/bin/../lib/gcc/arm-none-eabi/15.2.1/../../../../arm-none-eabi/lib/thumb/v7-m/nofp/libg_nano.a(libc_a-lock.o)
                0x20000639                __lock___sfp_recursive_mutex
 *fill*         0x2000063a        0x2 
 .bss.__malloc_sbrk_start
                0x2000063c        0x4 /Applications/ArmGNUToolchain/15.2.rel1/arm-none-eabi/bin/../lib/gcc/arm-none-eabi/15.2.1/../../../../arm-none-eabi/lib/thumb/v7-m/nofp/libg_nano.a(libc_a-mallocr.o)
                0x2000063c                __malloc_sbrk_start
 .bss.__malloc_free_list
                0x20000640        0x4 /Applications/ArmGNUToolchain/15.2.rel1/arm-none-eabi/bin/../lib/gcc/arm-none-eabi/15.2.1/../../../../arm-none-eabi/lib/thumb/v7-m/nofp/libg_nano.a(libc_a-mallocr.o)
                0x20000640                __malloc_free_list
 .bss.errno     0x20000644        0x4 /Applications/ArmGNUToolchain/15.2.rel1/arm-none-eabi/bin/../lib/gcc/arm-none-eabi/15.2.1/../../../../arm-none-eabi/lib/thumb/v7-m/nofp/libg_nano.a(libc_a-reent.o)
                0x20000644                errno
 *(COMMON)
                0x20000648                        . = ALIGN (0x4)
                0x20000648                        _ebss = .
                0x20000648                        __bss_end__ = _ebss
                [!provide]                        PROVIDE (__bss_end = .)
                [!provide]                        PROVIDE (__non_tls_bss_start = ADDR (.bss))
                [!provide]                        PROVIDE (__bss_start = __tbss_start)
                [!provide]                        PROVIDE (__bss_size = (__bss_end - __bss_start))

._user_heap_stack
                0x20000648      0x600 load address 0x080033e8
                0x20000648                        . = ALIGN (0x8)
                [!provide]                        PROVIDE (end = .)
                0x20000648                        PROVIDE (_end = .)
                0x20000848                        . = (. + _Min_Heap_Size)
 *fill*         0x20000648      0x200 
                0x20000c48                        . = (. + _Min_Stack_Size)
 *fill*         0x20000848      0x400 
                0x20000c48                        . = ALIGN (0x8)

/DISCARD/
 libc.a:*(*)
 libm.a:*(*)
 libgcc.a:*(*)
OUTPUT(Bootloader_F103RB.elf elf32-littlearm)
LOAD linker stubs

.ARM.attributes
                0x00000000       0x29
 .ARM.attributes
                0x00000000       0x1d /Applications/ArmGNUToolchain/15.2.rel1/arm-none-eabi/bin/../lib/gcc/arm-none-eabi/15.2.1/thumb/v7-m/nofp/crti.o
 .ARM.attributes
                0x0000001d       0x2d /Applications/ArmGNUToolchain/15.2.rel1/arm-none-eabi/bin/../lib/gcc/arm-none-eabi/15.2.1/thumb/v7-m/nofp/crtbegin.o
 .ARM.attributes
                0x0000004a       0x2d cmake/stm32cubemx/CMakeFiles/STM32_Drivers.dir/__/__/Core/Src/system_stm32f1xx.c.obj
 .ARM.attributes
                0x00000077       0x2d cmake/stm32cubemx/CMakeFiles/STM32_Drivers.dir/__/__/Drivers/STM32F1xx_HAL_Driver/Src/stm32f1xx_hal_crc.c.obj
 .ARM.attributes
                0x000000a4       0x2d cmake/stm32cubemx/CMakeFiles/STM32_Drivers.dir/__/__/Drivers/STM32F1xx_HAL_Driver/Src/stm32f1xx_hal.c.obj
 .ARM.attributes
                0x000000d1       0x2d cmake/stm32cubemx/CMakeFiles/STM32_Drivers.dir/__/__/Drivers/STM32F1xx_HAL_Driver/Src/stm32f1xx_hal_rcc.c.obj
 .ARM.attributes
                0x000000fe       0x2d cmake/stm32cubemx/CMakeFiles/STM32_Drivers.dir/__/__/Drivers/STM32F1xx_HAL_Driver/Src/stm32f1xx_hal_gpio.c.obj
 .ARM.attributes
                0x0000012b       0x2d cmake/stm32cubemx/CMakeFiles/STM32_Drivers.dir/__/__/Drivers/STM32F1xx_HAL_Driver/Src/stm32f1xx_hal_cortex.c.obj
 .ARM.attributes
                0x00000158       0x2d cmake/stm32cubemx/CMakeFiles/STM32_Drivers.dir/__/__/Drivers/STM32F1xx_HAL_Driver/Src/stm32f1xx_hal_flash.c.obj
 .ARM.attributes
                0x00000185       0x2d cmake/stm32cubemx/CMakeFiles/STM32_Drivers.dir/__/__/Drivers/STM32F1xx_HAL_Driver/Src/stm32f1xx_hal_flash_ex.c.obj
 .ARM.attributes
                0x000001b2       0x2d cmake/stm32cubemx/CMakeFiles/STM32_Drivers.dir/__/__/Drivers/STM32F1xx_HAL_Driver/Src/stm32f1xx_hal_uart.c.obj
 .ARM.attributes
                0x000001df       0x2d CMakeFiles/Bootloader_F103RB.dir/Core/Src/main.c.obj
 .ARM.attributes
                0x0000020c       0x2d CMakeFiles/Bootloader_F103RB.dir/Core/Src/stm32f1xx_it.c.obj
 .ARM.attributes
                0x00000239       0x2d CMakeFiles/Bootloader_F103RB.dir/Core/Src/stm32f1xx_hal_msp.c.obj
 .ARM.attributes
                0x00000266       0x2d CMakeFiles/Bootloader_F103RB.dir/Core/Src/sysmem.c.obj
 .ARM.attributes
                0x00000293       0x2d CMakeFiles/Bootloader_F103RB.dir/Core/Src/syscalls.c.obj
 .ARM.attributes
                0x000002c0       0x21 CMakeFiles/Bootloader_F103RB.dir/startup_stm32f103xb.s.obj
 .ARM.attributes
                0x000002e1       0x2d CMakeFiles/Bootloader_F103RB.dir/Core/Src/flash.c.obj
 .ARM.attributes
                0x0000030e       0x2d CMakeFiles/Bootloader_F103RB.dir/Core/Src/uart_reception.c.obj
 .ARM.attributes
                0x0000033b       0x2d /Applications/ArmGNUToolchain/15.2.rel1/arm-none-eabi/bin/../lib/gcc/arm-none-eabi/15.2.1/../../../../arm-none-eabi/lib/thumb/v7-m/nofp/libg_nano.a(libc_a-findfp.o)
 .ARM.attributes
                0x00000368       0x2d /Applications/ArmGNUToolchain/15.2.rel1/arm-none-eabi/bin/../lib/gcc/arm-none-eabi/15.2.1/../../../../arm-none-eabi/lib/thumb/v7-m/nofp/libg_nano.a(libc_a-fwalk.o)
 .ARM.attributes
                0x00000395       0x2d /Applications/ArmGNUToolchain/15.2.rel1/arm-none-eabi/bin/../lib/gcc/arm-none-eabi/15.2.1/../../../../arm-none-eabi/lib/thumb/v7-m/nofp/libg_nano.a(libc_a-puts.o)
 .ARM.attributes
                0x000003c2       0x2d /Applications/ArmGNUToolchain/15.2.rel1/arm-none-eabi/bin/../lib/gcc/arm-none-eabi/15.2.1/../../../../arm-none-eabi/lib/thumb/v7-m/nofp/libg_nano.a(libc_a-memset.o)
 .ARM.attributes
                0x000003ef       0x2d /Applications/ArmGNUToolchain/15.2.rel1/arm-none-eabi/bin/../lib/gcc/arm-none-eabi/15.2.1/../../../../arm-none-eabi/lib/thumb/v7-m/nofp/libg_nano.a(libc_a-errno.o)
 .ARM.attributes
                0x0000041c       0x2d /Applications/ArmGNUToolchain/15.2.rel1/arm-none-eabi/bin/../lib/gcc/arm-none-eabi/15.2.1/../../../../arm-none-eabi/lib/thumb/v7-m/nofp/libg_nano.a(libc_a-init.o)
 .ARM.attributes
                0x00000449       0x2d /Applications/ArmGNUToolchain/15.2.rel1/arm-none-eabi/bin/../lib/gcc/arm-none-eabi/15.2.1/../../../../arm-none-eabi/lib/thumb/v7-m/nofp/libg_nano.a(libc_a-lock.o)
 .ARM.attributes
                0x00000476       0x2d /Applications/ArmGNUToolchain/15.2.rel1/arm-none-eabi/bin/../lib/gcc/arm-none-eabi/15.2.1/../../../../arm-none-eabi/lib/thumb/v7-m/nofp/libg_nano.a(libc_a-impure.o)
 .ARM.attributes
                0x000004a3       0x2d /Applications/ArmGNUToolchain/15.2.rel1/arm-none-eabi/bin/../lib/gcc/arm-none-eabi/15.2.1/../../../../arm-none-eabi/lib/thumb/v7-m/nofp/libg_nano.a(libc_a-mallocr.o)
 .ARM.attributes
                0x000004d0       0x2d /Applications/ArmGNUToolchain/15.2.rel1/arm-none-eabi/bin/../lib/gcc/arm-none-eabi/15.2.1/../../../../arm-none-eabi/lib/thumb/v7-m/nofp/libg_nano.a(libc_a-mlock.o)
 .ARM.attributes
                0x000004fd       0x2d /Applications/ArmGNUToolchain/15.2.rel1/arm-none-eabi/bin/../lib/gcc/arm-none-eabi/15.2.1/../../../../arm-none-eabi/lib/thumb/v7-m/nofp/libg_nano.a(libc_a-stdio.o)
 .ARM.attributes
                0x0000052a       0x2d /Applications/ArmGNUToolchain/15.2.rel1/arm-none-eabi/bin/../lib/gcc/arm-none-eabi/15.2.1/../../../../arm-none-eabi/lib/thumb/v7-m/nofp/libg_nano.a(libc_a-fflush.o)
 .ARM.attributes
                0x00000557       0x2d /Applications/ArmGNUToolchain/15.2.rel1/arm-none-eabi/bin/../lib/gcc/arm-none-eabi/15.2.1/../../../../arm-none-eabi/lib/thumb/v7-m/nofp/libg_nano.a(libc_a-wbuf.o)
 .ARM.attributes
                0x00000584       0x2d /Applications/ArmGNUToolchain/15.2.rel1/arm-none-eabi/bin/../lib/gcc/arm-none-eabi/15.2.1/../../../../arm-none-eabi/lib/thumb/v7-m/nofp/libg_nano.a(libc_a-wsetup.o)
 .ARM.attributes
                0x000005b1       0x2d /Applications/ArmGNUToolchain/15.2.rel1/arm-none-eabi/bin/../lib/gcc/arm-none-eabi/15.2.1/../../../../arm-none-eabi/lib/thumb/v7-m/nofp/libg_nano.a(libc_a-makebuf.o)
 .ARM.attributes
                0x000005de       0x2d /Applications/ArmGNUToolchain/15.2.rel1/arm-none-eabi/bin/../lib/gcc/arm-none-eabi/15.2.1/../../../../arm-none-eabi/lib/thumb/v7-m/nofp/libg_nano.a(libc_a-isattyr.o)
 .ARM.attributes
                0x0000060b       0x2d /Applications/ArmGNUToolchain/15.2.rel1/arm-none-eabi/bin/../lib/gcc/arm-none-eabi/15.2.1/../../../../arm-none-eabi/lib/thumb/v7-m/nofp/libg_nano.a(libc_a-lseekr.o)
 .ARM.attributes
                0x00000638       0x2d /Applications/ArmGNUToolchain/15.2.rel1/arm-none-eabi/bin/../lib/gcc/arm-none-eabi/15.2.1/../../../../arm-none-eabi/lib/thumb/v7-m/nofp/libg_nano.a(libc_a-readr.o)
 .ARM.attributes
                0x00000665       0x2d /Applications/ArmGNUToolchain/15.2.rel1/arm-none-eabi/bin/../lib/gcc/arm-none-eabi/15.2.1/../../../../arm-none-eabi/lib/thumb/v7-m/nofp/libg_nano.a(libc_a-sbrkr.o)
 .ARM.attributes
                0x00000692       0x2d /Applications/ArmGNUToolchain/15.2.rel1/arm-none-eabi/bin/../lib/gcc/arm-none-eabi/15.2.1/../../../../arm-none-eabi/lib/thumb/v7-m/nofp/libg_nano.a(libc_a-writer.o)
 .ARM.attributes
                0x000006bf       0x2d /Applications/ArmGNUToolchain/15.2.rel1/arm-none-eabi/bin/../lib/gcc/arm-none-eabi/15.2.1/../../../../arm-none-eabi/lib/thumb/v7-m/nofp/libg_nano.a(libc_a-closer.o)
 .ARM.attributes
                0x000006ec       0x2d /Applications/ArmGNUToolchain/15.2.rel1/arm-none-eabi/bin/../lib/gcc/arm-none-eabi/15.2.1/../../../../arm-none-eabi/lib/thumb/v7-m/nofp/libg_nano.a(libc_a-reent.o)
 .ARM.attributes
                0x00000719       0x2d /Applications/ArmGNUToolchain/15.2.rel1/arm-none-eabi/bin/../lib/gcc/arm-none-eabi/15.2.1/../../../../arm-none-eabi/lib/thumb/v7-m/nofp/libg_nano.a(libc_a-fstatr.o)
 .ARM.attributes
                0x00000746       0x2d /Applications/ArmGNUToolchain/15.2.rel1/arm-none-eabi/bin/../lib/gcc/arm-none-eabi/15.2.1/../../../../arm-none-eabi/lib/thumb/v7-m/nofp/libg_nano.a(libc_a-freer.o)
 .ARM.attributes
                0x00000773       0x2d /Applications/ArmGNUToolchain/15.2.rel1/arm-none-eabi/bin/../lib/gcc/arm-none-eabi/15.2.1/thumb/v7-m/nofp/crtend.o
 .ARM.attributes
                0x000007a0       0x1d /Applications/ArmGNUToolchain/15.2.rel1/arm-none-eabi/bin/../lib/gcc/arm-none-eabi/15.2.1/thumb/v7-m/nofp/crtn.o

.comment        0x00000000       0x45
 .comment       0x00000000       0x45 cmake/stm32cubemx/CMakeFiles/STM32_Drivers.dir/__/__/Core/Src/system_stm32f1xx.c.obj
                                 0x46 (size before relaxing)
 .comment       0x00000045        0x0 cmake/stm32cubemx/CMakeFiles/STM32_Drivers.dir/__/__/Drivers/STM32F1xx_HAL_Driver/Src/stm32f1xx_hal_crc.c.obj
                                 0x46 (size before relaxing)
 .comment       0x00000045        0x0 cmake/stm32cubemx/CMakeFiles/STM32_Drivers.dir/__/__/Drivers/STM32F1xx_HAL_Driver/Src/stm32f1xx_hal.c.obj
                                 0x46 (size before relaxing)
 .comment       0x00000045        0x0 cmake/stm32cubemx/CMakeFiles/STM32_Drivers.dir/__/__/Drivers/STM32F1xx_HAL_Driver/Src/stm32f1xx_hal_rcc.c.obj
                                 0x46 (size before relaxing)
 .comment       0x00000045        0x0 cmake/stm32cubemx/CMakeFiles/STM32_Drivers.dir/__/__/Drivers/STM32F1xx_HAL_Driver/Src/stm32f1xx_hal_gpio.c.obj
                                 0x46 (size before relaxing)
 .comment       0x00000045        0x0 cmake/stm32cubemx/CMakeFiles/STM32_Drivers.dir/__/__/Drivers/STM32F1xx_HAL_Driver/Src/stm32f1xx_hal_cortex.c.obj
                                 0x46 (size before relaxing)
 .comment       0x00000045        0x0 cmake/stm32cubemx/CMakeFiles/STM32_Drivers.dir/__/__/Drivers/STM32F1xx_HAL_Driver/Src/stm32f1xx_hal_flash.c.obj
                                 0x46 (size before relaxing)
 .comment       0x00000045        0x0 cmake/stm32cubemx/CMakeFiles/STM32_Drivers.dir/__/__/Drivers/STM32F1xx_HAL_Driver/Src/stm32f1xx_hal_flash_ex.c.obj
                                 0x46 (size before relaxing)
 .comment       0x00000045        0x0 cmake/stm32cubemx/CMakeFiles/STM32_Drivers.dir/__/__/Drivers/STM32F1xx_HAL_Driver/Src/stm32f1xx_hal_uart.c.obj
                                 0x46 (size before relaxing)
 .comment       0x00000045        0x0 CMakeFiles/Bootloader_F103RB.dir/Core/Src/main.c.obj
                                 0x46 (size before relaxing)
 .comment       0x00000045        0x0 CMakeFiles/Bootloader_F103RB.dir/Core/Src/stm32f1xx_it.c.obj
                                 0x46 (size before relaxing)
 .comment       0x00000045        0x0 CMakeFiles/Bootloader_F103RB.dir/Core/Src/stm32f1xx_hal_msp.c.obj
                                 0x46 (size before relaxing)
 .comment       0x00000045        0x0 CMakeFiles/Bootloader_F103RB.dir/Core/Src/sysmem.c.obj
                                 0x46 (size before relaxing)
 .comment       0x00000045        0x0 CMakeFiles/Bootloader_F103RB.dir/Core/Src/syscalls.c.obj
                                 0x46 (size before relaxing)
 .comment       0x00000045        0x0 CMakeFiles/Bootloader_F103RB.dir/Core/Src/flash.c.obj
                                 0x46 (size before relaxing)
 .comment       0x00000045        0x0 CMakeFiles/Bootloader_F103RB.dir/Core/Src/uart_reception.c.obj
                                 0x46 (size before relaxing)

.debug_info     0x00000000     0x90c5
 .debug_info    0x00000000      0x222 cmake/stm32cubemx/CMakeFiles/STM32_Drivers.dir/__/__/Core/Src/system_stm32f1xx.c.obj
 .debug_info    0x00000222      0x37f cmake/stm32cubemx/CMakeFiles/STM32_Drivers.dir/__/__/Drivers/STM32F1xx_HAL_Driver/Src/stm32f1xx_hal_crc.c.obj
 .debug_info    0x000005a1      0x704 cmake/stm32cubemx/CMakeFiles/STM32_Drivers.dir/__/__/Drivers/STM32F1xx_HAL_Driver/Src/stm32f1xx_hal.c.obj
 .debug_info    0x00000ca5      0x7d5 cmake/stm32cubemx/CMakeFiles/STM32_Drivers.dir/__/__/Drivers/STM32F1xx_HAL_Driver/Src/stm32f1xx_hal_rcc.c.obj
 .debug_info    0x0000147a      0x5ab cmake/stm32cubemx/CMakeFiles/STM32_Drivers.dir/__/__/Drivers/STM32F1xx_HAL_Driver/Src/stm32f1xx_hal_gpio.c.obj
 .debug_info    0x00001a25      0xa87 cmake/stm32cubemx/CMakeFiles/STM32_Drivers.dir/__/__/Drivers/STM32F1xx_HAL_Driver/Src/stm32f1xx_hal_cortex.c.obj
 .debug_info    0x000024ac      0x4f8 cmake/stm32cubemx/CMakeFiles/STM32_Drivers.dir/__/__/Drivers/STM32F1xx_HAL_Driver/Src/stm32f1xx_hal_flash.c.obj
 .debug_info    0x000029a4      0x777 cmake/stm32cubemx/CMakeFiles/STM32_Drivers.dir/__/__/Drivers/STM32F1xx_HAL_Driver/Src/stm32f1xx_hal_flash_ex.c.obj
 .debug_info    0x0000311b     0x2eed cmake/stm32cubemx/CMakeFiles/STM32_Drivers.dir/__/__/Drivers/STM32F1xx_HAL_Driver/Src/stm32f1xx_hal_uart.c.obj
 .debug_info    0x00006008     0x116a CMakeFiles/Bootloader_F103RB.dir/Core/Src/main.c.obj
 .debug_info    0x00007172      0x14b CMakeFiles/Bootloader_F103RB.dir/Core/Src/stm32f1xx_it.c.obj
 .debug_info    0x000072bd      0x92c CMakeFiles/Bootloader_F103RB.dir/Core/Src/stm32f1xx_hal_msp.c.obj
 .debug_info    0x00007be9      0x168 CMakeFiles/Bootloader_F103RB.dir/Core/Src/sysmem.c.obj
 .debug_info    0x00007d51      0x6b4 CMakeFiles/Bootloader_F103RB.dir/Core/Src/syscalls.c.obj
 .debug_info    0x00008405       0x30 CMakeFiles/Bootloader_F103RB.dir/startup_stm32f103xb.s.obj
 .debug_info    0x00008435      0x3b2 CMakeFiles/Bootloader_F103RB.dir/Core/Src/flash.c.obj
 .debug_info    0x000087e7      0x8de CMakeFiles/Bootloader_F103RB.dir/Core/Src/uart_reception.c.obj

.debug_abbrev   0x00000000     0x2080
 .debug_abbrev  0x00000000      0x13f cmake/stm32cubemx/CMakeFiles/STM32_Drivers.dir/__/__/Core/Src/system_stm32f1xx.c.obj
 .debug_abbrev  0x0000013f      0x1b1 cmake/stm32cubemx/CMakeFiles/STM32_Drivers.dir/__/__/Drivers/STM32F1xx_HAL_Driver/Src/stm32f1xx_hal_crc.c.obj
 .debug_abbrev  0x000002f0      0x201 cmake/stm32cubemx/CMakeFiles/STM32_Drivers.dir/__/__/Drivers/STM32F1xx_HAL_Driver/Src/stm32f1xx_hal.c.obj
 .debug_abbrev  0x000004f1      0x2b3 cmake/stm32cubemx/CMakeFiles/STM32_Drivers.dir/__/__/Drivers/STM32F1xx_HAL_Driver/Src/stm32f1xx_hal_rcc.c.obj
 .debug_abbrev  0x000007a4      0x1ca cmake/stm32cubemx/CMakeFiles/STM32_Drivers.dir/__/__/Drivers/STM32F1xx_HAL_Driver/Src/stm32f1xx_hal_gpio.c.obj
 .debug_abbrev  0x0000096e      0x2f8 cmake/stm32cubemx/CMakeFiles/STM32_Drivers.dir/__/__/Drivers/STM32F1xx_HAL_Driver/Src/stm32f1xx_hal_cortex.c.obj
 .debug_abbrev  0x00000c66      0x250 cmake/stm32cubemx/CMakeFiles/STM32_Drivers.dir/__/__/Drivers/STM32F1xx_HAL_Driver/Src/stm32f1xx_hal_flash.c.obj
 .debug_abbrev  0x00000eb6      0x247 cmake/stm32cubemx/CMakeFiles/STM32_Drivers.dir/__/__/Drivers/STM32F1xx_HAL_Driver/Src/stm32f1xx_hal_flash_ex.c.obj
 .debug_abbrev  0x000010fd      0x2f8 cmake/stm32cubemx/CMakeFiles/STM32_Drivers.dir/__/__/Drivers/STM32F1xx_HAL_Driver/Src/stm32f1xx_hal_uart.c.obj
 .debug_abbrev  0x000013f5      0x415 CMakeFiles/Bootloader_F103RB.dir/Core/Src/main.c.obj
 .debug_abbrev  0x0000180a       0xa0 CMakeFiles/Bootloader_F103RB.dir/Core/Src/stm32f1xx_it.c.obj
 .debug_abbrev  0x000018aa      0x1c8 CMakeFiles/Bootloader_F103RB.dir/Core/Src/stm32f1xx_hal_msp.c.obj
 .debug_abbrev  0x00001a72       0xbc CMakeFiles/Bootloader_F103RB.dir/Core/Src/sysmem.c.obj
 .debug_abbrev  0x00001b2e      0x1bc CMakeFiles/Bootloader_F103RB.dir/Core/Src/syscalls.c.obj
 .debug_abbrev  0x00001cea       0x24 CMakeFiles/Bootloader_F103RB.dir/startup_stm32f103xb.s.obj
 .debug_abbrev  0x00001d0e      0x167 CMakeFiles/Bootloader_F103RB.dir/Core/Src/flash.c.obj
 .debug_abbrev  0x00001e75      0x20b CMakeFiles/Bootloader_F103RB.dir/Core/Src/uart_reception.c.obj

.debug_aranges  0x00000000      0x920
 .debug_aranges
                0x00000000       0x28 cmake/stm32cubemx/CMakeFiles/STM32_Drivers.dir/__/__/Core/Src/system_stm32f1xx.c.obj
 .debug_aranges
                0x00000028       0x50 cmake/stm32cubemx/CMakeFiles/STM32_Drivers.dir/__/__/Drivers/STM32F1xx_HAL_Driver/Src/stm32f1xx_hal_crc.c.obj
 .debug_aranges
                0x00000078       0xe0 cmake/stm32cubemx/CMakeFiles/STM32_Drivers.dir/__/__/Drivers/STM32F1xx_HAL_Driver/Src/stm32f1xx_hal.c.obj
 .debug_aranges
                0x00000158       0x90 cmake/stm32cubemx/CMakeFiles/STM32_Drivers.dir/__/__/Drivers/STM32F1xx_HAL_Driver/Src/stm32f1xx_hal_rcc.c.obj
 .debug_aranges
                0x000001e8       0x58 cmake/stm32cubemx/CMakeFiles/STM32_Drivers.dir/__/__/Drivers/STM32F1xx_HAL_Driver/Src/stm32f1xx_hal_gpio.c.obj
 .debug_aranges
                0x00000240      0x100 cmake/stm32cubemx/CMakeFiles/STM32_Drivers.dir/__/__/Drivers/STM32F1xx_HAL_Driver/Src/stm32f1xx_hal_cortex.c.obj
 .debug_aranges
                0x00000340       0x88 cmake/stm32cubemx/CMakeFiles/STM32_Drivers.dir/__/__/Drivers/STM32F1xx_HAL_Driver/Src/stm32f1xx_hal_flash.c.obj
 .debug_aranges
                0x000003c8       0x98 cmake/stm32cubemx/CMakeFiles/STM32_Drivers.dir/__/__/Drivers/STM32F1xx_HAL_Driver/Src/stm32f1xx_hal_flash_ex.c.obj
 .debug_aranges
                0x00000460      0x208 cmake/stm32cubemx/CMakeFiles/STM32_Drivers.dir/__/__/Drivers/STM32F1xx_HAL_Driver/Src/stm32f1xx_hal_uart.c.obj
 .debug_aranges
                0x00000668       0xa8 CMakeFiles/Bootloader_F103RB.dir/Core/Src/main.c.obj
 .debug_aranges
                0x00000710       0x68 CMakeFiles/Bootloader_F103RB.dir/Core/Src/stm32f1xx_it.c.obj
 .debug_aranges
                0x00000778       0x40 CMakeFiles/Bootloader_F103RB.dir/Core/Src/stm32f1xx_hal_msp.c.obj
 .debug_aranges
                0x000007b8       0x20 CMakeFiles/Bootloader_F103RB.dir/Core/Src/sysmem.c.obj
 .debug_aranges
                0x000007d8       0xa8 CMakeFiles/Bootloader_F103RB.dir/Core/Src/syscalls.c.obj
 .debug_aranges
                0x00000880       0x28 CMakeFiles/Bootloader_F103RB.dir/startup_stm32f103xb.s.obj
 .debug_aranges
                0x000008a8       0x40 CMakeFiles/Bootloader_F103RB.dir/Core/Src/flash.c.obj
 .debug_aranges
                0x000008e8       0x38 CMakeFiles/Bootloader_F103RB.dir/Core/Src/uart_reception.c.obj

.debug_rnglists
                0x00000000      0x6da
 .debug_rnglists
                0x00000000       0x1a cmake/stm32cubemx/CMakeFiles/STM32_Drivers.dir/__/__/Core/Src/system_stm32f1xx.c.obj
 .debug_rnglists
                0x0000001a       0x37 cmake/stm32cubemx/CMakeFiles/STM32_Drivers.dir/__/__/Drivers/STM32F1xx_HAL_Driver/Src/stm32f1xx_hal_crc.c.obj
 .debug_rnglists
                0x00000051       0xa3 cmake/stm32cubemx/CMakeFiles/STM32_Drivers.dir/__/__/Drivers/STM32F1xx_HAL_Driver/Src/stm32f1xx_hal.c.obj
 .debug_rnglists
                0x000000f4       0x6c cmake/stm32cubemx/CMakeFiles/STM32_Drivers.dir/__/__/Drivers/STM32F1xx_HAL_Driver/Src/stm32f1xx_hal_rcc.c.obj
 .debug_rnglists
                0x00000160       0x3f cmake/stm32cubemx/CMakeFiles/STM32_Drivers.dir/__/__/Drivers/STM32F1xx_HAL_Driver/Src/stm32f1xx_hal_gpio.c.obj
 .debug_rnglists
                0x0000019f       0xbb cmake/stm32cubemx/CMakeFiles/STM32_Drivers.dir/__/__/Drivers/STM32F1xx_HAL_Driver/Src/stm32f1xx_hal_cortex.c.obj
 .debug_rnglists
                0x0000025a       0x66 cmake/stm32cubemx/CMakeFiles/STM32_Drivers.dir/__/__/Drivers/STM32F1xx_HAL_Driver/Src/stm32f1xx_hal_flash.c.obj
 .debug_rnglists
                0x000002c0       0x73 cmake/stm32cubemx/CMakeFiles/STM32_Drivers.dir/__/__/Drivers/STM32F1xx_HAL_Driver/Src/stm32f1xx_hal_flash_ex.c.obj
 .debug_rnglists
                0x00000333      0x1bc cmake/stm32cubemx/CMakeFiles/STM32_Drivers.dir/__/__/Drivers/STM32F1xx_HAL_Driver/Src/stm32f1xx_hal_uart.c.obj
 .debug_rnglists
                0x000004ef       0x7f CMakeFiles/Bootloader_F103RB.dir/Core/Src/main.c.obj
 .debug_rnglists
                0x0000056e       0x49 CMakeFiles/Bootloader_F103RB.dir/Core/Src/stm32f1xx_it.c.obj
 .debug_rnglists
                0x000005b7       0x2b CMakeFiles/Bootloader_F103RB.dir/Core/Src/stm32f1xx_hal_msp.c.obj
 .debug_rnglists
                0x000005e2       0x13 CMakeFiles/Bootloader_F103RB.dir/Core/Src/sysmem.c.obj
 .debug_rnglists
                0x000005f5       0x79 CMakeFiles/Bootloader_F103RB.dir/Core/Src/syscalls.c.obj
 .debug_rnglists
                0x0000066e       0x19 CMakeFiles/Bootloader_F103RB.dir/startup_stm32f103xb.s.obj
 .debug_rnglists
                0x00000687       0x2c CMakeFiles/Bootloader_F103RB.dir/Core/Src/flash.c.obj
 .debug_rnglists
                0x000006b3       0x27 CMakeFiles/Bootloader_F103RB.dir/Core/Src/uart_reception.c.obj

.debug_macro    0x00000000    0x17e4f
 .debug_macro   0x00000000      0x198 cmake/stm32cubemx/CMakeFiles/STM32_Drivers.dir/__/__/Core/Src/system_stm32f1xx.c.obj
 .debug_macro   0x00000198      0xade cmake/stm32cubemx/CMakeFiles/STM32_Drivers.dir/__/__/Core/Src/system_stm32f1xx.c.obj
 .debug_macro   0x00000c76       0x2e cmake/stm32cubemx/CMakeFiles/STM32_Drivers.dir/__/__/Core/Src/system_stm32f1xx.c.obj
 .debug_macro   0x00000ca4       0x22 cmake/stm32cubemx/CMakeFiles/STM32_Drivers.dir/__/__/Core/Src/system_stm32f1xx.c.obj
 .debug_macro   0x00000cc6       0x22 cmake/stm32cubemx/CMakeFiles/STM32_Drivers.dir/__/__/Core/Src/system_stm32f1xx.c.obj
 .debug_macro   0x00000ce8       0x8e cmake/stm32cubemx/CMakeFiles/STM32_Drivers.dir/__/__/Core/Src/system_stm32f1xx.c.obj
 .debug_macro   0x00000d76       0x51 cmake/stm32cubemx/CMakeFiles/STM32_Drivers.dir/__/__/Core/Src/system_stm32f1xx.c.obj
 .debug_macro   0x00000dc7      0x103 cmake/stm32cubemx/CMakeFiles/STM32_Drivers.dir/__/__/Core/Src/system_stm32f1xx.c.obj
 .debug_macro   0x00000eca       0x6a cmake/stm32cubemx/CMakeFiles/STM32_Drivers.dir/__/__/Core/Src/system_stm32f1xx.c.obj
 .debug_macro   0x00000f34      0x1df cmake/stm32cubemx/CMakeFiles/STM32_Drivers.dir/__/__/Core/Src/system_stm32f1xx.c.obj
 .debug_macro   0x00001113       0x1c cmake/stm32cubemx/CMakeFiles/STM32_Drivers.dir/__/__/Core/Src/system_stm32f1xx.c.obj
 .debug_macro   0x0000112f       0x22 cmake/stm32cubemx/CMakeFiles/STM32_Drivers.dir/__/__/Core/Src/system_stm32f1xx.c.obj
 .debug_macro   0x00001151       0xbd cmake/stm32cubemx/CMakeFiles/STM32_Drivers.dir/__/__/Core/Src/system_stm32f1xx.c.obj
 .debug_macro   0x0000120e      0xd23 cmake/stm32cubemx/CMakeFiles/STM32_Drivers.dir/__/__/Core/Src/system_stm32f1xx.c.obj
 .debug_macro   0x00001f31     0xe09e cmake/stm32cubemx/CMakeFiles/STM32_Drivers.dir/__/__/Core/Src/system_stm32f1xx.c.obj
 .debug_macro   0x0000ffcf       0x6d cmake/stm32cubemx/CMakeFiles/STM32_Drivers.dir/__/__/Core/Src/system_stm32f1xx.c.obj
 .debug_macro   0x0001003c      0x21b cmake/stm32cubemx/CMakeFiles/STM32_Drivers.dir/__/__/Core/Src/system_stm32f1xx.c.obj
 .debug_macro   0x00010257     0x34a2 cmake/stm32cubemx/CMakeFiles/STM32_Drivers.dir/__/__/Core/Src/system_stm32f1xx.c.obj
 .debug_macro   0x000136f9      0x190 cmake/stm32cubemx/CMakeFiles/STM32_Drivers.dir/__/__/Core/Src/system_stm32f1xx.c.obj
 .debug_macro   0x00013889       0x5c cmake/stm32cubemx/CMakeFiles/STM32_Drivers.dir/__/__/Core/Src/system_stm32f1xx.c.obj
 .debug_macro   0x000138e5      0x5bc cmake/stm32cubemx/CMakeFiles/STM32_Drivers.dir/__/__/Core/Src/system_stm32f1xx.c.obj
 .debug_macro   0x00013ea1      0x289 cmake/stm32cubemx/CMakeFiles/STM32_Drivers.dir/__/__/Core/Src/system_stm32f1xx.c.obj
 .debug_macro   0x0001412a      0x1cb cmake/stm32cubemx/CMakeFiles/STM32_Drivers.dir/__/__/Core/Src/system_stm32f1xx.c.obj
 .debug_macro   0x000142f5      0x114 cmake/stm32cubemx/CMakeFiles/STM32_Drivers.dir/__/__/Core/Src/system_stm32f1xx.c.obj
 .debug_macro   0x00014409      0x1b2 cmake/stm32cubemx/CMakeFiles/STM32_Drivers.dir/__/__/Core/Src/system_stm32f1xx.c.obj
 .debug_macro   0x000145bb       0x27 cmake/stm32cubemx/CMakeFiles/STM32_Drivers.dir/__/__/Core/Src/system_stm32f1xx.c.obj
 .debug_macro   0x000145e2      0x136 cmake/stm32cubemx/CMakeFiles/STM32_Drivers.dir/__/__/Core/Src/system_stm32f1xx.c.obj
 .debug_macro   0x00014718      0x1bc cmake/stm32cubemx/CMakeFiles/STM32_Drivers.dir/__/__/Core/Src/system_stm32f1xx.c.obj
 .debug_macro   0x000148d4       0x34 cmake/stm32cubemx/CMakeFiles/STM32_Drivers.dir/__/__/Core/Src/system_stm32f1xx.c.obj
 .debug_macro   0x00014908       0x3c cmake/stm32cubemx/CMakeFiles/STM32_Drivers.dir/__/__/Core/Src/system_stm32f1xx.c.obj
 .debug_macro   0x00014944       0x57 cmake/stm32cubemx/CMakeFiles/STM32_Drivers.dir/__/__/Core/Src/system_stm32f1xx.c.obj
 .debug_macro   0x0001499b       0x22 cmake/stm32cubemx/CMakeFiles/STM32_Drivers.dir/__/__/Core/Src/system_stm32f1xx.c.obj
 .debug_macro   0x000149bd       0x87 cmake/stm32cubemx/CMakeFiles/STM32_Drivers.dir/__/__/Core/Src/system_stm32f1xx.c.obj
 .debug_macro   0x00014a44      0x240 cmake/stm32cubemx/CMakeFiles/STM32_Drivers.dir/__/__/Core/Src/system_stm32f1xx.c.obj
 .debug_macro   0x00014c84      0x140 cmake/stm32cubemx/CMakeFiles/STM32_Drivers.dir/__/__/Core/Src/system_stm32f1xx.c.obj
 .debug_macro   0x00014dc4      0x28e cmake/stm32cubemx/CMakeFiles/STM32_Drivers.dir/__/__/Core/Src/system_stm32f1xx.c.obj
 .debug_macro   0x00015052       0x83 cmake/stm32cubemx/CMakeFiles/STM32_Drivers.dir/__/__/Core/Src/system_stm32f1xx.c.obj
 .debug_macro   0x000150d5      0x198 cmake/stm32cubemx/CMakeFiles/STM32_Drivers.dir/__/__/Drivers/STM32F1xx_HAL_Driver/Src/stm32f1xx_hal_crc.c.obj
 .debug_macro   0x0001526d      0x1bc cmake/stm32cubemx/CMakeFiles/STM32_Drivers.dir/__/__/Drivers/STM32F1xx_HAL_Driver/Src/stm32f1xx_hal.c.obj
 .debug_macro   0x00015429      0x1aa cmake/stm32cubemx/CMakeFiles/STM32_Drivers.dir/__/__/Drivers/STM32F1xx_HAL_Driver/Src/stm32f1xx_hal_rcc.c.obj
 .debug_macro   0x000155d3      0x203 cmake/stm32cubemx/CMakeFiles/STM32_Drivers.dir/__/__/Drivers/STM32F1xx_HAL_Driver/Src/stm32f1xx_hal_gpio.c.obj
 .debug_macro   0x000157d6      0x198 cmake/stm32cubemx/CMakeFiles/STM32_Drivers.dir/__/__/Drivers/STM32F1xx_HAL_Driver/Src/stm32f1xx_hal_cortex.c.obj
 .debug_macro   0x0001596e      0x198 cmake/stm32cubemx/CMakeFiles/STM32_Drivers.dir/__/__/Drivers/STM32F1xx_HAL_Driver/Src/stm32f1xx_hal_flash.c.obj
 .debug_macro   0x00015b06      0x1aa cmake/stm32cubemx/CMakeFiles/STM32_Drivers.dir/__/__/Drivers/STM32F1xx_HAL_Driver/Src/stm32f1xx_hal_flash_ex.c.obj
 .debug_macro   0x00015cb0      0x199 cmake/stm32cubemx/CMakeFiles/STM32_Drivers.dir/__/__/Drivers/STM32F1xx_HAL_Driver/Src/stm32f1xx_hal_uart.c.obj
 .debug_macro   0x00015e49      0x1f5 CMakeFiles/Bootloader_F103RB.dir/Core/Src/main.c.obj
 .debug_macro   0x0001603e       0x5e CMakeFiles/Bootloader_F103RB.dir/Core/Src/main.c.obj
 .debug_macro   0x0001609c       0x22 CMakeFiles/Bootloader_F103RB.dir/Core/Src/main.c.obj
 .debug_macro   0x000160be       0x16 CMakeFiles/Bootloader_F103RB.dir/Core/Src/main.c.obj
 .debug_macro   0x000160d4       0x58 CMakeFiles/Bootloader_F103RB.dir/Core/Src/main.c.obj
 .debug_macro   0x0001612c       0x16 CMakeFiles/Bootloader_F103RB.dir/Core/Src/main.c.obj
 .debug_macro   0x00016142      0x1b1 CMakeFiles/Bootloader_F103RB.dir/Core/Src/stm32f1xx_it.c.obj
 .debug_macro   0x000162f3      0x1a7 CMakeFiles/Bootloader_F103RB.dir/Core/Src/stm32f1xx_hal_msp.c.obj
 .debug_macro   0x0001649a      0x103 CMakeFiles/Bootloader_F103RB.dir/Core/Src/sysmem.c.obj
 .debug_macro   0x0001659d       0x10 CMakeFiles/Bootloader_F103RB.dir/Core/Src/sysmem.c.obj
 .debug_macro   0x000165ad       0x75 CMakeFiles/Bootloader_F103RB.dir/Core/Src/sysmem.c.obj
 .debug_macro   0x00016622       0x24 CMakeFiles/Bootloader_F103RB.dir/Core/Src/sysmem.c.obj
 .debug_macro   0x00016646       0x94 CMakeFiles/Bootloader_F103RB.dir/Core/Src/sysmem.c.obj
 .debug_macro   0x000166da       0x3c CMakeFiles/Bootloader_F103RB.dir/Core/Src/sysmem.c.obj
 .debug_macro   0x00016716       0x34 CMakeFiles/Bootloader_F103RB.dir/Core/Src/sysmem.c.obj
 .debug_macro   0x0001674a       0x57 CMakeFiles/Bootloader_F103RB.dir/Core/Src/sysmem.c.obj
 .debug_macro   0x000167a1      0x364 CMakeFiles/Bootloader_F103RB.dir/Core/Src/sysmem.c.obj
 .debug_macro   0x00016b05       0x16 CMakeFiles/Bootloader_F103RB.dir/Core/Src/sysmem.c.obj
 .debug_macro   0x00016b1b       0x4a CMakeFiles/Bootloader_F103RB.dir/Core/Src/sysmem.c.obj
 .debug_macro   0x00016b65       0x34 CMakeFiles/Bootloader_F103RB.dir/Core/Src/sysmem.c.obj
 .debug_macro   0x00016b99       0x10 CMakeFiles/Bootloader_F103RB.dir/Core/Src/sysmem.c.obj
 .debug_macro   0x00016ba9       0x58 CMakeFiles/Bootloader_F103RB.dir/Core/Src/sysmem.c.obj
 .debug_macro   0x00016c01      0x1e5 CMakeFiles/Bootloader_F103RB.dir/Core/Src/sysmem.c.obj
 .debug_macro   0x00016de6      0x23c CMakeFiles/Bootloader_F103RB.dir/Core/Src/sysmem.c.obj
 .debug_macro   0x00017022      0x1fd CMakeFiles/Bootloader_F103RB.dir/Core/Src/syscalls.c.obj
 .debug_macro   0x0001721f       0x10 CMakeFiles/Bootloader_F103RB.dir/Core/Src/syscalls.c.obj
 .debug_macro   0x0001722f       0x3c CMakeFiles/Bootloader_F103RB.dir/Core/Src/syscalls.c.obj
 .debug_macro   0x0001726b       0x10 CMakeFiles/Bootloader_F103RB.dir/Core/Src/syscalls.c.obj
 .debug_macro   0x0001727b       0x10 CMakeFiles/Bootloader_F103RB.dir/Core/Src/syscalls.c.obj
 .debug_macro   0x0001728b       0x10 CMakeFiles/Bootloader_F103RB.dir/Core/Src/syscalls.c.obj
 .debug_macro   0x0001729b       0x1c CMakeFiles/Bootloader_F103RB.dir/Core/Src/syscalls.c.obj
 .debug_macro   0x000172b7       0x52 CMakeFiles/Bootloader_F103RB.dir/Core/Src/syscalls.c.obj
 .debug_macro   0x00017309       0x22 CMakeFiles/Bootloader_F103RB.dir/Core/Src/syscalls.c.obj
 .debug_macro   0x0001732b       0x10 CMakeFiles/Bootloader_F103RB.dir/Core/Src/syscalls.c.obj
 .debug_macro   0x0001733b       0x52 CMakeFiles/Bootloader_F103RB.dir/Core/Src/syscalls.c.obj
 .debug_macro   0x0001738d       0xcf CMakeFiles/Bootloader_F103RB.dir/Core/Src/syscalls.c.obj
 .debug_macro   0x0001745c       0x1c CMakeFiles/Bootloader_F103RB.dir/Core/Src/syscalls.c.obj
 .debug_macro   0x00017478       0x3d CMakeFiles/Bootloader_F103RB.dir/Core/Src/syscalls.c.obj
 .debug_macro   0x000174b5       0x3b CMakeFiles/Bootloader_F103RB.dir/Core/Src/syscalls.c.obj
 .debug_macro   0x000174f0      0x134 CMakeFiles/Bootloader_F103RB.dir/Core/Src/syscalls.c.obj
 .debug_macro   0x00017624      0x242 CMakeFiles/Bootloader_F103RB.dir/Core/Src/syscalls.c.obj
 .debug_macro   0x00017866      0x18a CMakeFiles/Bootloader_F103RB.dir/Core/Src/syscalls.c.obj
 .debug_macro   0x000179f0       0x16 CMakeFiles/Bootloader_F103RB.dir/Core/Src/syscalls.c.obj
 .debug_macro   0x00017a06       0xce CMakeFiles/Bootloader_F103RB.dir/Core/Src/syscalls.c.obj
 .debug_macro   0x00017ad4      0x1ab CMakeFiles/Bootloader_F103RB.dir/Core/Src/flash.c.obj
 .debug_macro   0x00017c7f      0x1d0 CMakeFiles/Bootloader_F103RB.dir/Core/Src/uart_reception.c.obj

.debug_line     0x00000000     0xac1b
 .debug_line    0x00000000      0x754 cmake/stm32cubemx/CMakeFiles/STM32_Drivers.dir/__/__/Core/Src/system_stm32f1xx.c.obj
 .debug_line    0x00000754      0x7fc cmake/stm32cubemx/CMakeFiles/STM32_Drivers.dir/__/__/Drivers/STM32F1xx_HAL_Driver/Src/stm32f1xx_hal_crc.c.obj
 .debug_line    0x00000f50      0x988 cmake/stm32cubemx/CMakeFiles/STM32_Drivers.dir/__/__/Drivers/STM32F1xx_HAL_Driver/Src/stm32f1xx_hal.c.obj
 .debug_line    0x000018d8      0xe3e cmake/stm32cubemx/CMakeFiles/STM32_Drivers.dir/__/__/Drivers/STM32F1xx_HAL_Driver/Src/stm32f1xx_hal_rcc.c.obj
 .debug_line    0x00002716      0x9be cmake/stm32cubemx/CMakeFiles/STM32_Drivers.dir/__/__/Drivers/STM32F1xx_HAL_Driver/Src/stm32f1xx_hal_gpio.c.obj
 .debug_line    0x000030d4      0xb61 cmake/stm32cubemx/CMakeFiles/STM32_Drivers.dir/__/__/Drivers/STM32F1xx_HAL_Driver/Src/stm32f1xx_hal_cortex.c.obj
 .debug_line    0x00003c35      0xa3f cmake/stm32cubemx/CMakeFiles/STM32_Drivers.dir/__/__/Drivers/STM32F1xx_HAL_Driver/Src/stm32f1xx_hal_flash.c.obj
 .debug_line    0x00004674      0xb4c cmake/stm32cubemx/CMakeFiles/STM32_Drivers.dir/__/__/Drivers/STM32F1xx_HAL_Driver/Src/stm32f1xx_hal_flash_ex.c.obj
 .debug_line    0x000051c0     0x24a1 cmake/stm32cubemx/CMakeFiles/STM32_Drivers.dir/__/__/Drivers/STM32F1xx_HAL_Driver/Src/stm32f1xx_hal_uart.c.obj
 .debug_line    0x00007661      0xc4c CMakeFiles/Bootloader_F103RB.dir/Core/Src/main.c.obj
 .debug_line    0x000082ad      0x79c CMakeFiles/Bootloader_F103RB.dir/Core/Src/stm32f1xx_it.c.obj
 .debug_line    0x00008a49      0x757 CMakeFiles/Bootloader_F103RB.dir/Core/Src/stm32f1xx_hal_msp.c.obj
 .debug_line    0x000091a0      0x2f6 CMakeFiles/Bootloader_F103RB.dir/Core/Src/sysmem.c.obj
 .debug_line    0x00009496      0x5d4 CMakeFiles/Bootloader_F103RB.dir/Core/Src/syscalls.c.obj
 .debug_line    0x00009a6a       0x78 CMakeFiles/Bootloader_F103RB.dir/startup_stm32f103xb.s.obj
 .debug_line    0x00009ae2      0x84e CMakeFiles/Bootloader_F103RB.dir/Core/Src/flash.c.obj
 .debug_line    0x0000a330      0x8eb CMakeFiles/Bootloader_F103RB.dir/Core/Src/uart_reception.c.obj

.debug_str      0x00000000    0x842e7
 .debug_str     0x00000000    0x842e7 cmake/stm32cubemx/CMakeFiles/STM32_Drivers.dir/__/__/Core/Src/system_stm32f1xx.c.obj
                              0x7cc45 (size before relaxing)
 .debug_str     0x000842e7        0x0 cmake/stm32cubemx/CMakeFiles/STM32_Drivers.dir/__/__/Drivers/STM32F1xx_HAL_Driver/Src/stm32f1xx_hal_crc.c.obj
                              0x7cd87 (size before relaxing)
 .debug_str     0x000842e7        0x0 cmake/stm32cubemx/CMakeFiles/STM32_Drivers.dir/__/__/Drivers/STM32F1xx_HAL_Driver/Src/stm32f1xx_hal.c.obj
                              0x7d378 (size before relaxing)
 .debug_str     0x000842e7        0x0 cmake/stm32cubemx/CMakeFiles/STM32_Drivers.dir/__/__/Drivers/STM32F1xx_HAL_Driver/Src/stm32f1xx_hal_rcc.c.obj
                              0x7d074 (size before relaxing)
 .debug_str     0x000842e7        0x0 cmake/stm32cubemx/CMakeFiles/STM32_Drivers.dir/__/__/Drivers/STM32F1xx_HAL_Driver/Src/stm32f1xx_hal_gpio.c.obj
                              0x7cfcb (size before relaxing)
 .debug_str     0x000842e7        0x0 cmake/stm32cubemx/CMakeFiles/STM32_Drivers.dir/__/__/Drivers/STM32F1xx_HAL_Driver/Src/stm32f1xx_hal_cortex.c.obj
                              0x7d2c4 (size before relaxing)
 .debug_str     0x000842e7        0x0 cmake/stm32cubemx/CMakeFiles/STM32_Drivers.dir/__/__/Drivers/STM32F1xx_HAL_Driver/Src/stm32f1xx_hal_flash.c.obj
                              0x7cf20 (size before relaxing)
 .debug_str     0x000842e7        0x0 cmake/stm32cubemx/CMakeFiles/STM32_Drivers.dir/__/__/Drivers/STM32F1xx_HAL_Driver/Src/stm32f1xx_hal_flash_ex.c.obj
                              0x7d0ce (size before relaxing)
 .debug_str     0x000842e7        0x0 cmake/stm32cubemx/CMakeFiles/STM32_Drivers.dir/__/__/Drivers/STM32F1xx_HAL_Driver/Src/stm32f1xx_hal_uart.c.obj
                              0x7d6e5 (size before relaxing)
 .debug_str     0x000842e7        0x0 CMakeFiles/Bootloader_F103RB.dir/Core/Src/main.c.obj
                              0x7dbbc (size before relaxing)
 .debug_str     0x000842e7        0x0 CMakeFiles/Bootloader_F103RB.dir/Core/Src/stm32f1xx_it.c.obj
                              0x7cdb3 (size before relaxing)
 .debug_str     0x000842e7        0x0 CMakeFiles/Bootloader_F103RB.dir/Core/Src/stm32f1xx_hal_msp.c.obj
                              0x7d2aa (size before relaxing)
 .debug_str     0x000842e7        0x0 CMakeFiles/Bootloader_F103RB.dir/Core/Src/sysmem.c.obj
                               0x714d (size before relaxing)
 .debug_str     0x000842e7        0x0 CMakeFiles/Bootloader_F103RB.dir/Core/Src/syscalls.c.obj
                               0x8cd1 (size before relaxing)
 .debug_str     0x000842e7        0x0 CMakeFiles/Bootloader_F103RB.dir/startup_stm32f103xb.s.obj
                                 0xc6 (size before relaxing)
 .debug_str     0x000842e7        0x0 CMakeFiles/Bootloader_F103RB.dir/Core/Src/flash.c.obj
                              0x7ce00 (size before relaxing)
 .debug_str     0x000842e7        0x0 CMakeFiles/Bootloader_F103RB.dir/Core/Src/uart_reception.c.obj
                              0x7d347 (size before relaxing)

.debug_frame    0x00000000     0x2970
 .debug_frame   0x00000000       0x58 cmake/stm32cubemx/CMakeFiles/STM32_Drivers.dir/__/__/Core/Src/system_stm32f1xx.c.obj
 .debug_frame   0x00000058      0x120 cmake/stm32cubemx/CMakeFiles/STM32_Drivers.dir/__/__/Drivers/STM32F1xx_HAL_Driver/Src/stm32f1xx_hal_crc.c.obj
 .debug_frame   0x00000178      0x334 cmake/stm32cubemx/CMakeFiles/STM32_Drivers.dir/__/__/Drivers/STM32F1xx_HAL_Driver/Src/stm32f1xx_hal.c.obj
 .debug_frame   0x000004ac      0x218 cmake/stm32cubemx/CMakeFiles/STM32_Drivers.dir/__/__/Drivers/STM32F1xx_HAL_Driver/Src/stm32f1xx_hal_rcc.c.obj
 .debug_frame   0x000006c4      0x14c cmake/stm32cubemx/CMakeFiles/STM32_Drivers.dir/__/__/Drivers/STM32F1xx_HAL_Driver/Src/stm32f1xx_hal_gpio.c.obj
 .debug_frame   0x00000810      0x428 cmake/stm32cubemx/CMakeFiles/STM32_Drivers.dir/__/__/Drivers/STM32F1xx_HAL_Driver/Src/stm32f1xx_hal_cortex.c.obj
 .debug_frame   0x00000c38      0x20c cmake/stm32cubemx/CMakeFiles/STM32_Drivers.dir/__/__/Drivers/STM32F1xx_HAL_Driver/Src/stm32f1xx_hal_flash.c.obj
 .debug_frame   0x00000e44      0x258 cmake/stm32cubemx/CMakeFiles/STM32_Drivers.dir/__/__/Drivers/STM32F1xx_HAL_Driver/Src/stm32f1xx_hal_flash_ex.c.obj
 .debug_frame   0x0000109c      0x944 cmake/stm32cubemx/CMakeFiles/STM32_Drivers.dir/__/__/Drivers/STM32F1xx_HAL_Driver/Src/stm32f1xx_hal_uart.c.obj
 .debug_frame   0x000019e0      0x2c0 CMakeFiles/Bootloader_F103RB.dir/Core/Src/main.c.obj
 .debug_frame   0x00001ca0      0x120 CMakeFiles/Bootloader_F103RB.dir/Core/Src/stm32f1xx_it.c.obj
 .debug_frame   0x00001dc0       0xd0 CMakeFiles/Bootloader_F103RB.dir/Core/Src/stm32f1xx_hal_msp.c.obj
 .debug_frame   0x00001e90       0x34 CMakeFiles/Bootloader_F103RB.dir/Core/Src/sysmem.c.obj
 .debug_frame   0x00001ec4      0x2ac CMakeFiles/Bootloader_F103RB.dir/Core/Src/syscalls.c.obj
 .debug_frame   0x00002170       0xd0 CMakeFiles/Bootloader_F103RB.dir/Core/Src/flash.c.obj
 .debug_frame   0x00002240       0x94 CMakeFiles/Bootloader_F103RB.dir/Core/Src/uart_reception.c.obj
 .debug_frame   0x000022d4      0x144 /Applications/ArmGNUToolchain/15.2.rel1/arm-none-eabi/bin/../lib/gcc/arm-none-eabi/15.2.1/../../../../arm-none-eabi/lib/thumb/v7-m/nofp/libg_nano.a(libc_a-findfp.o)
 .debug_frame   0x00002418       0x34 /Applications/ArmGNUToolchain/15.2.rel1/arm-none-eabi/bin/../lib/gcc/arm-none-eabi/15.2.1/../../../../arm-none-eabi/lib/thumb/v7-m/nofp/libg_nano.a(libc_a-fwalk.o)
 .debug_frame   0x0000244c       0x3c /Applications/ArmGNUToolchain/15.2.rel1/arm-none-eabi/bin/../lib/gcc/arm-none-eabi/15.2.1/../../../../arm-none-eabi/lib/thumb/v7-m/nofp/libg_nano.a(libc_a-puts.o)
 .debug_frame   0x00002488       0x20 /Applications/ArmGNUToolchain/15.2.rel1/arm-none-eabi/bin/../lib/gcc/arm-none-eabi/15.2.1/../../../../arm-none-eabi/lib/thumb/v7-m/nofp/libg_nano.a(libc_a-memset.o)
 .debug_frame   0x000024a8       0x20 /Applications/ArmGNUToolchain/15.2.rel1/arm-none-eabi/bin/../lib/gcc/arm-none-eabi/15.2.1/../../../../arm-none-eabi/lib/thumb/v7-m/nofp/libg_nano.a(libc_a-errno.o)
 .debug_frame   0x000024c8       0x2c /Applications/ArmGNUToolchain/15.2.rel1/arm-none-eabi/bin/../lib/gcc/arm-none-eabi/15.2.1/../../../../arm-none-eabi/lib/thumb/v7-m/nofp/libg_nano.a(libc_a-init.o)
 .debug_frame   0x000024f4       0xb0 /Applications/ArmGNUToolchain/15.2.rel1/arm-none-eabi/bin/../lib/gcc/arm-none-eabi/15.2.1/../../../../arm-none-eabi/lib/thumb/v7-m/nofp/libg_nano.a(libc_a-lock.o)
 .debug_frame   0x000025a4       0x50 /Applications/ArmGNUToolchain/15.2.rel1/arm-none-eabi/bin/../lib/gcc/arm-none-eabi/15.2.1/../../../../arm-none-eabi/lib/thumb/v7-m/nofp/libg_nano.a(libc_a-mallocr.o)
 .debug_frame   0x000025f4       0x30 /Applications/ArmGNUToolchain/15.2.rel1/arm-none-eabi/bin/../lib/gcc/arm-none-eabi/15.2.1/../../../../arm-none-eabi/lib/thumb/v7-m/nofp/libg_nano.a(libc_a-mlock.o)
 .debug_frame   0x00002624       0x88 /Applications/ArmGNUToolchain/15.2.rel1/arm-none-eabi/bin/../lib/gcc/arm-none-eabi/15.2.1/../../../../arm-none-eabi/lib/thumb/v7-m/nofp/libg_nano.a(libc_a-stdio.o)
 .debug_frame   0x000026ac       0x5c /Applications/ArmGNUToolchain/15.2.rel1/arm-none-eabi/bin/../lib/gcc/arm-none-eabi/15.2.1/../../../../arm-none-eabi/lib/thumb/v7-m/nofp/libg_nano.a(libc_a-fflush.o)
 .debug_frame   0x00002708       0x40 /Applications/ArmGNUToolchain/15.2.rel1/arm-none-eabi/bin/../lib/gcc/arm-none-eabi/15.2.1/../../../../arm-none-eabi/lib/thumb/v7-m/nofp/libg_nano.a(libc_a-wbuf.o)
 .debug_frame   0x00002748       0x2c /Applications/ArmGNUToolchain/15.2.rel1/arm-none-eabi/bin/../lib/gcc/arm-none-eabi/15.2.1/../../../../arm-none-eabi/lib/thumb/v7-m/nofp/libg_nano.a(libc_a-wsetup.o)
 .debug_frame   0x00002774       0x58 /Applications/ArmGNUToolchain/15.2.rel1/arm-none-eabi/bin/../lib/gcc/arm-none-eabi/15.2.1/../../../../arm-none-eabi/lib/thumb/v7-m/nofp/libg_nano.a(libc_a-makebuf.o)
 .debug_frame   0x000027cc       0x2c /Applications/ArmGNUToolchain/15.2.rel1/arm-none-eabi/bin/../lib/gcc/arm-none-eabi/15.2.1/../../../../arm-none-eabi/lib/thumb/v7-m/nofp/libg_nano.a(libc_a-isattyr.o)
 .debug_frame   0x000027f8       0x2c /Applications/ArmGNUToolchain/15.2.rel1/arm-none-eabi/bin/../lib/gcc/arm-none-eabi/15.2.1/../../../../arm-none-eabi/lib/thumb/v7-m/nofp/libg_nano.a(libc_a-lseekr.o)
 .debug_frame   0x00002824       0x2c /Applications/ArmGNUToolchain/15.2.rel1/arm-none-eabi/bin/../lib/gcc/arm-none-eabi/15.2.1/../../../../arm-none-eabi/lib/thumb/v7-m/nofp/libg_nano.a(libc_a-readr.o)
 .debug_frame   0x00002850       0x2c /Applications/ArmGNUToolchain/15.2.rel1/arm-none-eabi/bin/../lib/gcc/arm-none-eabi/15.2.1/../../../../arm-none-eabi/lib/thumb/v7-m/nofp/libg_nano.a(libc_a-sbrkr.o)
 .debug_frame   0x0000287c       0x2c /Applications/ArmGNUToolchain/15.2.rel1/arm-none-eabi/bin/../lib/gcc/arm-none-eabi/15.2.1/../../../../arm-none-eabi/lib/thumb/v7-m/nofp/libg_nano.a(libc_a-writer.o)
 .debug_frame   0x000028a8       0x2c /Applications/ArmGNUToolchain/15.2.rel1/arm-none-eabi/bin/../lib/gcc/arm-none-eabi/15.2.1/../../../../arm-none-eabi/lib/thumb/v7-m/nofp/libg_nano.a(libc_a-closer.o)
 .debug_frame   0x000028d4       0x38 /Applications/ArmGNUToolchain/15.2.rel1/arm-none-eabi/bin/../lib/gcc/arm-none-eabi/15.2.1/../../../../arm-none-eabi/lib/thumb/v7-m/nofp/libg_nano.a(libc_a-reent.o)
 .debug_frame   0x0000290c       0x2c /Applications/ArmGNUToolchain/15.2.rel1/arm-none-eabi/bin/../lib/gcc/arm-none-eabi/15.2.1/../../../../arm-none-eabi/lib/thumb/v7-m/nofp/libg_nano.a(libc_a-fstatr.o)
 .debug_frame   0x00002938       0x38 /Applications/ArmGNUToolchain/15.2.rel1/arm-none-eabi/bin/../lib/gcc/arm-none-eabi/15.2.1/../../../../arm-none-eabi/lib/thumb/v7-m/nofp/libg_nano.a(libc_a-freer.o)

.debug_line_str
                0x00000000       0xaa
 .debug_line_str
                0x00000000       0xaa CMakeFiles/Bootloader_F103RB.dir/startup_stm32f103xb.s.obj
